Archive member included to satisfy reference by file (symbol)

c:/program files/stmicroelectronics/stm32cubeide_1.5.0/stm32cubeide/plugins/com.st.stm32cube.ide.mcu.externaltools.gnu-tools-for-stm32.7-2018-q2-update.win32_1.5.0.202011040924/tools/bin/../lib/gcc/arm-none-eabi/7.3.1/../../../../arm-none-eabi/lib/thumb/v7-m\libc_nano.a(lib_a-errno.o)
                              Core/Src/syscalls.o (__errno)
c:/program files/stmicroelectronics/stm32cubeide_1.5.0/stm32cubeide/plugins/com.st.stm32cube.ide.mcu.externaltools.gnu-tools-for-stm32.7-2018-q2-update.win32_1.5.0.202011040924/tools/bin/../lib/gcc/arm-none-eabi/7.3.1/../../../../arm-none-eabi/lib/thumb/v7-m\libc_nano.a(lib_a-exit.o)
                              c:/program files/stmicroelectronics/stm32cubeide_1.5.0/stm32cubeide/plugins/com.st.stm32cube.ide.mcu.externaltools.gnu-tools-for-stm32.7-2018-q2-update.win32_1.5.0.202011040924/tools/bin/../lib/gcc/arm-none-eabi/7.3.1/../../../../arm-none-eabi/lib/thumb/v7-m/crt0.o (exit)
c:/program files/stmicroelectronics/stm32cubeide_1.5.0/stm32cubeide/plugins/com.st.stm32cube.ide.mcu.externaltools.gnu-tools-for-stm32.7-2018-q2-update.win32_1.5.0.202011040924/tools/bin/../lib/gcc/arm-none-eabi/7.3.1/../../../../arm-none-eabi/lib/thumb/v7-m\libc_nano.a(lib_a-impure.o)
                              c:/program files/stmicroelectronics/stm32cubeide_1.5.0/stm32cubeide/plugins/com.st.stm32cube.ide.mcu.externaltools.gnu-tools-for-stm32.7-2018-q2-update.win32_1.5.0.202011040924/tools/bin/../lib/gcc/arm-none-eabi/7.3.1/../../../../arm-none-eabi/lib/thumb/v7-m\libc_nano.a(lib_a-exit.o) (_global_impure_ptr)
c:/program files/stmicroelectronics/stm32cubeide_1.5.0/stm32cubeide/plugins/com.st.stm32cube.ide.mcu.externaltools.gnu-tools-for-stm32.7-2018-q2-update.win32_1.5.0.202011040924/tools/bin/../lib/gcc/arm-none-eabi/7.3.1/../../../../arm-none-eabi/lib/thumb/v7-m\libc_nano.a(lib_a-init.o)
                              c:/program files/stmicroelectronics/stm32cubeide_1.5.0/stm32cubeide/plugins/com.st.stm32cube.ide.mcu.externaltools.gnu-tools-for-stm32.7-2018-q2-update.win32_1.5.0.202011040924/tools/bin/../lib/gcc/arm-none-eabi/7.3.1/../../../../arm-none-eabi/lib/thumb/v7-m/crt0.o (__libc_init_array)
c:/program files/stmicroelectronics/stm32cubeide_1.5.0/stm32cubeide/plugins/com.st.stm32cube.ide.mcu.externaltools.gnu-tools-for-stm32.7-2018-q2-update.win32_1.5.0.202011040924/tools/bin/../lib/gcc/arm-none-eabi/7.3.1/../../../../arm-none-eabi/lib/thumb/v7-m\libc_nano.a(lib_a-memset.o)
                              c:/program files/stmicroelectronics/stm32cubeide_1.5.0/stm32cubeide/plugins/com.st.stm32cube.ide.mcu.externaltools.gnu-tools-for-stm32.7-2018-q2-update.win32_1.5.0.202011040924/tools/bin/../lib/gcc/arm-none-eabi/7.3.1/../../../../arm-none-eabi/lib/thumb/v7-m/crt0.o (memset)

Allocating common symbols
Common symbol       size              file

hUsbDeviceFS        0x2c4             USB_DEVICE/App/usb_device.o
hi2c1               0x54              Core/Src/main.o
uwTick              0x4               Drivers/STM32F1xx_HAL_Driver/Src/stm32f1xx_hal.o
pFlash              0x20              Drivers/STM32F1xx_HAL_Driver/Src/stm32f1xx_hal_flash.o
SDCardInfo          0x20              USB_DEVICE/App/usbd_storage_if.o
hsd                 0x84              Core/Src/main.o
hpcd_USB_FS         0x2ec             USB_DEVICE/Target/usbd_conf.o
USBD_StrDesc        0x200             USB_DEVICE/App/usbd_desc.o

Discarded input sections

 .text          0x0000000000000000        0x0 c:/program files/stmicroelectronics/stm32cubeide_1.5.0/stm32cubeide/plugins/com.st.stm32cube.ide.mcu.externaltools.gnu-tools-for-stm32.7-2018-q2-update.win32_1.5.0.202011040924/tools/bin/../lib/gcc/arm-none-eabi/7.3.1/thumb/v7-m/crti.o
 .data          0x0000000000000000        0x0 c:/program files/stmicroelectronics/stm32cubeide_1.5.0/stm32cubeide/plugins/com.st.stm32cube.ide.mcu.externaltools.gnu-tools-for-stm32.7-2018-q2-update.win32_1.5.0.202011040924/tools/bin/../lib/gcc/arm-none-eabi/7.3.1/thumb/v7-m/crti.o
 .bss           0x0000000000000000        0x0 c:/program files/stmicroelectronics/stm32cubeide_1.5.0/stm32cubeide/plugins/com.st.stm32cube.ide.mcu.externaltools.gnu-tools-for-stm32.7-2018-q2-update.win32_1.5.0.202011040924/tools/bin/../lib/gcc/arm-none-eabi/7.3.1/thumb/v7-m/crti.o
 .data          0x0000000000000000        0x4 c:/program files/stmicroelectronics/stm32cubeide_1.5.0/stm32cubeide/plugins/com.st.stm32cube.ide.mcu.externaltools.gnu-tools-for-stm32.7-2018-q2-update.win32_1.5.0.202011040924/tools/bin/../lib/gcc/arm-none-eabi/7.3.1/thumb/v7-m/crtbegin.o
 .text          0x0000000000000000       0x74 c:/program files/stmicroelectronics/stm32cubeide_1.5.0/stm32cubeide/plugins/com.st.stm32cube.ide.mcu.externaltools.gnu-tools-for-stm32.7-2018-q2-update.win32_1.5.0.202011040924/tools/bin/../lib/gcc/arm-none-eabi/7.3.1/../../../../arm-none-eabi/lib/thumb/v7-m/crt0.o
[...]
Memory Configuration

Name             Origin             Length             Attributes
RAM              0x0000000020000000 0x000000000000c000 xrw
FLASH            0x0000000008000000 0x0000000000040000 xr
*default*        0x0000000000000000 0xffffffffffffffff

Linker script and memory map

LOAD c:/program files/stmicroelectronics/stm32cubeide_1.5.0/stm32cubeide/plugins/com.st.stm32cube.ide.mcu.externaltools.gnu-tools-for-stm32.7-2018-q2-update.win32_1.5.0.202011040924/tools/bin/../lib/gcc/arm-none-eabi/7.3.1/thumb/v7-m/crti.o
LOAD c:/program files/stmicroelectronics/stm32cubeide_1.5.0/stm32cubeide/plugins/com.st.stm32cube.ide.mcu.externaltools.gnu-tools-for-stm32.7-2018-q2-update.win32_1.5.0.202011040924/tools/bin/../lib/gcc/arm-none-eabi/7.3.1/thumb/v7-m/crtbegin.o
LOAD c:/program files/stmicroelectronics/stm32cubeide_1.5.0/stm32cubeide/plugins/com.st.stm32cube.ide.mcu.externaltools.gnu-tools-for-stm32.7-2018-q2-update.win32_1.5.0.202011040924/tools/bin/../lib/gcc/arm-none-eabi/7.3.1/../../../../arm-none-eabi/lib/thumb/v7-m/crt0.o
LOAD Core/Src/main.o
LOAD Core/Src/stm32f1xx_hal_msp.o
LOAD Core/Src/stm32f1xx_it.o
LOAD Core/Src/syscalls.o
LOAD Core/Src/sysmem.o
LOAD Core/Src/system_stm32f1xx.o
LOAD Core/Startup/startup_stm32f103rctx.o
LOAD Drivers/STM32F1xx_HAL_Driver/Src/stm32f1xx_hal.o
LOAD Drivers/STM32F1xx_HAL_Driver/Src/stm32f1xx_hal_cortex.o
LOAD Drivers/STM32F1xx_HAL_Driver/Src/stm32f1xx_hal_dma.o
LOAD Drivers/STM32F1xx_HAL_Driver/Src/stm32f1xx_hal_exti.o
LOAD Drivers/STM32F1xx_HAL_Driver/Src/stm32f1xx_hal_flash.o
LOAD Drivers/STM32F1xx_HAL_Driver/Src/stm32f1xx_hal_flash_ex.o
LOAD Drivers/STM32F1xx_HAL_Driver/Src/stm32f1xx_hal_gpio.o
LOAD Drivers/STM32F1xx_HAL_Driver/Src/stm32f1xx_hal_gpio_ex.o
LOAD Drivers/STM32F1xx_HAL_Driver/Src/stm32f1xx_hal_i2c.o
LOAD Drivers/STM32F1xx_HAL_Driver/Src/stm32f1xx_hal_pcd.o
LOAD Drivers/STM32F1xx_HAL_Driver/Src/stm32f1xx_hal_pcd_ex.o
LOAD Drivers/STM32F1xx_HAL_Driver/Src/stm32f1xx_hal_pwr.o
LOAD Drivers/STM32F1xx_HAL_Driver/Src/stm32f1xx_hal_rcc.o
LOAD Drivers/STM32F1xx_HAL_Driver/Src/stm32f1xx_hal_rcc_ex.o
LOAD Drivers/STM32F1xx_HAL_Driver/Src/stm32f1xx_hal_sd.o
LOAD Drivers/STM32F1xx_HAL_Driver/Src/stm32f1xx_hal_tim.o
LOAD Drivers/STM32F1xx_HAL_Driver/Src/stm32f1xx_hal_tim_ex.o
LOAD Drivers/STM32F1xx_HAL_Driver/Src/stm32f1xx_ll_sdmmc.o
LOAD Drivers/STM32F1xx_HAL_Driver/Src/stm32f1xx_ll_usb.o
LOAD Middlewares/ST/STM32_USB_Device_Library/Class/MSC/Src/usbd_msc.o
LOAD Middlewares/ST/STM32_USB_Device_Library/Class/MSC/Src/usbd_msc_bot.o
LOAD Middlewares/ST/STM32_USB_Device_Library/Class/MSC/Src/usbd_msc_data.o
LOAD Middlewares/ST/STM32_USB_Device_Library/Class/MSC/Src/usbd_msc_scsi.o
LOAD Middlewares/ST/STM32_USB_Device_Library/Core/Src/usbd_core.o
LOAD Middlewares/ST/STM32_USB_Device_Library/Core/Src/usbd_ctlreq.o
LOAD Middlewares/ST/STM32_USB_Device_Library/Core/Src/usbd_ioreq.o
LOAD USB_DEVICE/App/usb_device.o
LOAD USB_DEVICE/App/usbd_desc.o
LOAD USB_DEVICE/App/usbd_storage_if.o
LOAD USB_DEVICE/Target/usbd_conf.o
START GROUP
LOAD c:/program files/stmicroelectronics/stm32cubeide_1.5.0/stm32cubeide/plugins/com.st.stm32cube.ide.mcu.externaltools.gnu-tools-for-stm32.7-2018-q2-update.win32_1.5.0.202011040924/tools/bin/../lib/gcc/arm-none-eabi/7.3.1/../../../../arm-none-eabi/lib/thumb/v7-m\libc_nano.a
LOAD c:/program files/stmicroelectronics/stm32cubeide_1.5.0/stm32cubeide/plugins/com.st.stm32cube.ide.mcu.externaltools.gnu-tools-for-stm32.7-2018-q2-update.win32_1.5.0.202011040924/tools/bin/../lib/gcc/arm-none-eabi/7.3.1/../../../../arm-none-eabi/lib/thumb/v7-m\libm.a
END GROUP
START GROUP
LOAD c:/program files/stmicroelectronics/stm32cubeide_1.5.0/stm32cubeide/plugins/com.st.stm32cube.ide.mcu.externaltools.gnu-tools-for-stm32.7-2018-q2-update.win32_1.5.0.202011040924/tools/bin/../lib/gcc/arm-none-eabi/7.3.1/thumb/v7-m\libgcc.a
LOAD c:/program files/stmicroelectronics/stm32cubeide_1.5.0/stm32cubeide/plugins/com.st.stm32cube.ide.mcu.externaltools.gnu-tools-for-stm32.7-2018-q2-update.win32_1.5.0.202011040924/tools/bin/../lib/gcc/arm-none-eabi/7.3.1/../../../../arm-none-eabi/lib/thumb/v7-m\libc_nano.a
END GROUP
START GROUP
LOAD c:/program files/stmicroelectronics/stm32cubeide_1.5.0/stm32cubeide/plugins/com.st.stm32cube.ide.mcu.externaltools.gnu-tools-for-stm32.7-2018-q2-update.win32_1.5.0.202011040924/tools/bin/../lib/gcc/arm-none-eabi/7.3.1/thumb/v7-m\libgcc.a
LOAD c:/program files/stmicroelectronics/stm32cubeide_1.5.0/stm32cubeide/plugins/com.st.stm32cube.ide.mcu.externaltools.gnu-tools-for-stm32.7-2018-q2-update.win32_1.5.0.202011040924/tools/bin/../lib/gcc/arm-none-eabi/7.3.1/../../../../arm-none-eabi/lib/thumb/v7-m\libc_nano.a
LOAD c:/program files/stmicroelectronics/stm32cubeide_1.5.0/stm32cubeide/plugins/com.st.stm32cube.ide.mcu.externaltools.gnu-tools-for-stm32.7-2018-q2-update.win32_1.5.0.202011040924/tools/bin/../lib/gcc/arm-none-eabi/7.3.1/../../../../arm-none-eabi/lib/thumb/v7-m\libnosys.a
END GROUP
START GROUP
LOAD c:/program files/stmicroelectronics/stm32cubeide_1.5.0/stm32cubeide/plugins/com.st.stm32cube.ide.mcu.externaltools.gnu-tools-for-stm32.7-2018-q2-update.win32_1.5.0.202011040924/tools/bin/../lib/gcc/arm-none-eabi/7.3.1/thumb/v7-m\libgcc.a
LOAD c:/program files/stmicroelectronics/stm32cubeide_1.5.0/stm32cubeide/plugins/com.st.stm32cube.ide.mcu.externaltools.gnu-tools-for-stm32.7-2018-q2-update.win32_1.5.0.202011040924/tools/bin/../lib/gcc/arm-none-eabi/7.3.1/../../../../arm-none-eabi/lib/thumb/v7-m\libc_nano.a
LOAD c:/program files/stmicroelectronics/stm32cubeide_1.5.0/stm32cubeide/plugins/com.st.stm32cube.ide.mcu.externaltools.gnu-tools-for-stm32.7-2018-q2-update.win32_1.5.0.202011040924/tools/bin/../lib/gcc/arm-none-eabi/7.3.1/../../../../arm-none-eabi/lib/thumb/v7-m\libnosys.a
END GROUP
LOAD c:/program files/stmicroelectronics/stm32cubeide_1.5.0/stm32cubeide/plugins/com.st.stm32cube.ide.mcu.externaltools.gnu-tools-for-stm32.7-2018-q2-update.win32_1.5.0.202011040924/tools/bin/../lib/gcc/arm-none-eabi/7.3.1/thumb/v7-m/crtend.o
LOAD c:/program files/stmicroelectronics/stm32cubeide_1.5.0/stm32cubeide/plugins/com.st.stm32cube.ide.mcu.externaltools.gnu-tools-for-stm32.7-2018-q2-update.win32_1.5.0.202011040924/tools/bin/../lib/gcc/arm-none-eabi/7.3.1/thumb/v7-m/crtn.o
                0x000000002000c000                _estack = (ORIGIN (RAM) + LENGTH (RAM))
                0x0000000000001000                _Min_Heap_Size = 0x1000
                0x0000000000002000                _Min_Stack_Size = 0x2000

.isr_vector     0x0000000008000000      0x1e4
                0x0000000008000000                . = ALIGN (0x4)
 *(.isr_vector)
 .isr_vector    0x0000000008000000      0x1e4 Core/Startup/startup_stm32f103rctx.o
                0x0000000008000000                g_pfnVectors
                0x00000000080001e4                . = ALIGN (0x4)

.text           0x00000000080001e4     0xa46c
                0x00000000080001e4                . = ALIGN (0x4)
 *(.text)
 .text          0x00000000080001e4       0x40 c:/program files/stmicroelectronics/stm32cubeide_1.5.0/stm32cubeide/plugins/com.st.stm32cube.ide.mcu.externaltools.gnu-tools-for-stm32.7-2018-q2-update.win32_1.5.0.202011040924/tools/bin/../lib/gcc/arm-none-eabi/7.3.1/thumb/v7-m/crtbegin.o
 *(.text*)
 .text.main     0x0000000008000224      0x148 Core/Src/main.o
                0x0000000008000224                main
 .text.SystemClock_Config
                0x000000000800036c       0xba Core/Src/main.o
                0x000000000800036c                SystemClock_Config
 *fill*         0x0000000008000426        0x2 
 .text.MX_I2C1_Init
                0x0000000008000428       0x5c Core/Src/main.o
 .text.MX_SDIO_SD_Init
                0x0000000008000484       0x78 Core/Src/main.o
 .text.MX_GPIO_Init
                0x00000000080004fc      0x108 Core/Src/main.o
 .text.Error_Handler
                0x0000000008000604        0x8 Core/Src/main.o
                0x0000000008000604                Error_Handler
 .text.HAL_MspInit
                0x000000000800060c       0x64 Core/Src/stm32f1xx_hal_msp.o
                0x000000000800060c                HAL_MspInit
 .text.HAL_I2C_MspInit
                0x0000000008000670       0x7c Core/Src/stm32f1xx_hal_msp.o
                0x0000000008000670                HAL_I2C_MspInit
 .text.HAL_SD_MspInit
                0x00000000080006ec       0xb4 Core/Src/stm32f1xx_hal_msp.o
                0x00000000080006ec                HAL_SD_MspInit
 .text.HAL_SD_MspDeInit
                0x00000000080007a0       0x48 Core/Src/stm32f1xx_hal_msp.o
                0x00000000080007a0                HAL_SD_MspDeInit
 .text.NMI_Handler
                0x00000000080007e8        0x6 Core/Src/stm32f1xx_it.o
                0x00000000080007e8                NMI_Handler
 .text.HardFault_Handler
                0x00000000080007ee        0x6 Core/Src/stm32f1xx_it.o
                0x00000000080007ee                HardFault_Handler
 .text.MemManage_Handler
                0x00000000080007f4        0x6 Core/Src/stm32f1xx_it.o
                0x00000000080007f4                MemManage_Handler
 .text.BusFault_Handler
                0x00000000080007fa        0x6 Core/Src/stm32f1xx_it.o
                0x00000000080007fa                BusFault_Handler
 .text.UsageFault_Handler
                0x0000000008000800        0x6 Core/Src/stm32f1xx_it.o
                0x0000000008000800                UsageFault_Handler
 .text.SVC_Handler
                0x0000000008000806        0xc Core/Src/stm32f1xx_it.o
                0x0000000008000806                SVC_Handler
 .text.DebugMon_Handler
                0x0000000008000812        0xc Core/Src/stm32f1xx_it.o
                0x0000000008000812                DebugMon_Handler
 .text.PendSV_Handler
                0x000000000800081e        0xc Core/Src/stm32f1xx_it.o
                0x000000000800081e                PendSV_Handler
 .text.SysTick_Handler
                0x000000000800082a        0xc Core/Src/stm32f1xx_it.o
                0x000000000800082a                SysTick_Handler
 *fill*         0x0000000008000836        0x2 
 .text.USB_LP_CAN1_RX0_IRQHandler
                0x0000000008000838       0x14 Core/Src/stm32f1xx_it.o
                0x0000000008000838                USB_LP_CAN1_RX0_IRQHandler
 .text.SystemInit
                0x000000000800084c        0xc Core/Src/system_stm32f1xx.o
                0x000000000800084c                SystemInit
 .text.Reset_Handler
                0x0000000008000858       0x48 Core/Startup/startup_stm32f103rctx.o
                0x0000000008000858                Reset_Handler
 .text.Default_Handler
                0x00000000080008a0        0x2 Core/Startup/startup_stm32f103rctx.o
                0x00000000080008a0                RTC_Alarm_IRQHandler
                0x00000000080008a0                EXTI2_IRQHandler
                0x00000000080008a0                TIM8_TRG_COM_IRQHandler
                0x00000000080008a0                TIM8_CC_IRQHandler
                0x00000000080008a0                TIM1_CC_IRQHandler
                0x00000000080008a0                TIM6_IRQHandler
                0x00000000080008a0                PVD_IRQHandler
                0x00000000080008a0                SDIO_IRQHandler
                0x00000000080008a0                EXTI3_IRQHandler
                0x00000000080008a0                EXTI0_IRQHandler
                0x00000000080008a0                I2C2_EV_IRQHandler
                0x00000000080008a0                ADC1_2_IRQHandler
                0x00000000080008a0                SPI1_IRQHandler
                0x00000000080008a0                TAMPER_IRQHandler
                0x00000000080008a0                TIM8_UP_IRQHandler
                0x00000000080008a0                DMA2_Channel2_IRQHandler
                0x00000000080008a0                DMA1_Channel4_IRQHandler
                0x00000000080008a0                USART3_IRQHandler
                0x00000000080008a0                RTC_IRQHandler
                0x00000000080008a0                DMA1_Channel7_IRQHandler
                0x00000000080008a0                CAN1_RX1_IRQHandler
                0x00000000080008a0                UART5_IRQHandler
                0x00000000080008a0                ADC3_IRQHandler
                0x00000000080008a0                TIM4_IRQHandler
                0x00000000080008a0                DMA2_Channel1_IRQHandler
                0x00000000080008a0                I2C1_EV_IRQHandler
                0x00000000080008a0                DMA1_Channel6_IRQHandler
                0x00000000080008a0                UART4_IRQHandler
                0x00000000080008a0                TIM3_IRQHandler
                0x00000000080008a0                RCC_IRQHandler
                0x00000000080008a0                TIM1_TRG_COM_IRQHandler
                0x00000000080008a0                DMA1_Channel1_IRQHandler
                0x00000000080008a0                Default_Handler
                0x00000000080008a0                EXTI15_10_IRQHandler
                0x00000000080008a0                TIM7_IRQHandler
                0x00000000080008a0                TIM5_IRQHandler
                0x00000000080008a0                EXTI9_5_IRQHandler
                0x00000000080008a0                SPI2_IRQHandler
                0x00000000080008a0                DMA1_Channel5_IRQHandler
                0x00000000080008a0                EXTI4_IRQHandler
                0x00000000080008a0                USB_HP_CAN1_TX_IRQHandler
                0x00000000080008a0                DMA1_Channel3_IRQHandler
                0x00000000080008a0                FSMC_IRQHandler
                0x00000000080008a0                TIM1_UP_IRQHandler
                0x00000000080008a0                WWDG_IRQHandler
                0x00000000080008a0                TIM2_IRQHandler
                0x00000000080008a0                TIM1_BRK_IRQHandler
                0x00000000080008a0                EXTI1_IRQHandler
                0x00000000080008a0                DMA2_Channel4_5_IRQHandler
                0x00000000080008a0                USART2_IRQHandler
                0x00000000080008a0                I2C2_ER_IRQHandler
                0x00000000080008a0                DMA1_Channel2_IRQHandler
                0x00000000080008a0                TIM8_BRK_IRQHandler
                0x00000000080008a0                CAN1_SCE_IRQHandler
                0x00000000080008a0                FLASH_IRQHandler
                0x00000000080008a0                USART1_IRQHandler
                0x00000000080008a0                SPI3_IRQHandler
                0x00000000080008a0                I2C1_ER_IRQHandler
                0x00000000080008a0                USBWakeUp_IRQHandler
                0x00000000080008a0                DMA2_Channel3_IRQHandler
 *fill*         0x00000000080008a2        0x2 
 .text.HAL_Init
                0x00000000080008a4       0x2c Drivers/STM32F1xx_HAL_Driver/Src/stm32f1xx_hal.o
                0x00000000080008a4                HAL_Init
 .text.HAL_InitTick
                0x00000000080008d0       0x60 Drivers/STM32F1xx_HAL_Driver/Src/stm32f1xx_hal.o
                0x00000000080008d0                HAL_InitTick
 .text.HAL_IncTick
                0x0000000008000930       0x24 Drivers/STM32F1xx_HAL_Driver/Src/stm32f1xx_hal.o
                0x0000000008000930                HAL_IncTick
 .text.HAL_GetTick
                0x0000000008000954       0x14 Drivers/STM32F1xx_HAL_Driver/Src/stm32f1xx_hal.o
                0x0000000008000954                HAL_GetTick
 .text.HAL_Delay
                0x0000000008000968       0x44 Drivers/STM32F1xx_HAL_Driver/Src/stm32f1xx_hal.o
                0x0000000008000968                HAL_Delay
 .text.__NVIC_SetPriorityGrouping
                0x00000000080009ac       0x48 Drivers/STM32F1xx_HAL_Driver/Src/stm32f1xx_hal_cortex.o
 .text.__NVIC_GetPriorityGrouping
                0x00000000080009f4       0x1c Drivers/STM32F1xx_HAL_Driver/Src/stm32f1xx_hal_cortex.o
 .text.__NVIC_EnableIRQ
                0x0000000008000a10       0x38 Drivers/STM32F1xx_HAL_Driver/Src/stm32f1xx_hal_cortex.o
 .text.__NVIC_SetPriority
                0x0000000008000a48       0x54 Drivers/STM32F1xx_HAL_Driver/Src/stm32f1xx_hal_cortex.o
 .text.NVIC_EncodePriority
                0x0000000008000a9c       0x64 Drivers/STM32F1xx_HAL_Driver/Src/stm32f1xx_hal_cortex.o
 .text.SysTick_Config
                0x0000000008000b00       0x44 Drivers/STM32F1xx_HAL_Driver/Src/stm32f1xx_hal_cortex.o
 .text.HAL_NVIC_SetPriorityGrouping
                0x0000000008000b44       0x16 Drivers/STM32F1xx_HAL_Driver/Src/stm32f1xx_hal_cortex.o
                0x0000000008000b44                HAL_NVIC_SetPriorityGrouping
 .text.HAL_NVIC_SetPriority
                0x0000000008000b5a       0x38 Drivers/STM32F1xx_HAL_Driver/Src/stm32f1xx_hal_cortex.o
                0x0000000008000b5a                HAL_NVIC_SetPriority
 .text.HAL_NVIC_EnableIRQ
                0x0000000008000b92       0x1c Drivers/STM32F1xx_HAL_Driver/Src/stm32f1xx_hal_cortex.o
                0x0000000008000b92                HAL_NVIC_EnableIRQ
 .text.HAL_SYSTICK_Config
                0x0000000008000bae       0x18 Drivers/STM32F1xx_HAL_Driver/Src/stm32f1xx_hal_cortex.o
                0x0000000008000bae                HAL_SYSTICK_Config
 *fill*         0x0000000008000bc6        0x2 
 .text.HAL_GPIO_Init
                0x0000000008000bc8      0x2d4 Drivers/STM32F1xx_HAL_Driver/Src/stm32f1xx_hal_gpio.o
                0x0000000008000bc8                HAL_GPIO_Init
 .text.HAL_GPIO_DeInit
                0x0000000008000e9c      0x198 Drivers/STM32F1xx_HAL_Driver/Src/stm32f1xx_hal_gpio.o
                0x0000000008000e9c                HAL_GPIO_DeInit
 .text.HAL_GPIO_WritePin
                0x0000000008001034       0x30 Drivers/STM32F1xx_HAL_Driver/Src/stm32f1xx_hal_gpio.o
                0x0000000008001034                HAL_GPIO_WritePin
 .text.HAL_I2C_Init
                0x0000000008001064      0x270 Drivers/STM32F1xx_HAL_Driver/Src/stm32f1xx_hal_i2c.o
                0x0000000008001064                HAL_I2C_Init
 .text.HAL_I2C_Slave_Receive
                0x00000000080012d4      0x214 Drivers/STM32F1xx_HAL_Driver/Src/stm32f1xx_hal_i2c.o
                0x00000000080012d4                HAL_I2C_Slave_Receive
 .text.I2C_WaitOnFlagUntilTimeout
                0x00000000080014e8       0xae Drivers/STM32F1xx_HAL_Driver/Src/stm32f1xx_hal_i2c.o
 .text.I2C_WaitOnSTOPFlagUntilTimeout
                0x0000000008001596       0x7a Drivers/STM32F1xx_HAL_Driver/Src/stm32f1xx_hal_i2c.o
 .text.I2C_WaitOnRXNEFlagUntilTimeout
                0x0000000008001610       0xac Drivers/STM32F1xx_HAL_Driver/Src/stm32f1xx_hal_i2c.o
 .text.I2C_IsAcknowledgeFailed
                0x00000000080016bc       0x5c Drivers/STM32F1xx_HAL_Driver/Src/stm32f1xx_hal_i2c.o
 .text.HAL_PCD_Init
                0x0000000008001718      0x216 Drivers/STM32F1xx_HAL_Driver/Src/stm32f1xx_hal_pcd.o
                0x0000000008001718                HAL_PCD_Init
 .text.HAL_PCD_Start
                0x000000000800192e       0x4c Drivers/STM32F1xx_HAL_Driver/Src/stm32f1xx_hal_pcd.o
                0x000000000800192e                HAL_PCD_Start
 .text.HAL_PCD_IRQHandler
                0x000000000800197a      0x2aa Drivers/STM32F1xx_HAL_Driver/Src/stm32f1xx_hal_pcd.o
                0x000000000800197a                HAL_PCD_IRQHandler
 .text.HAL_PCD_SetAddress
                0x0000000008001c24       0x4a Drivers/STM32F1xx_HAL_Driver/Src/stm32f1xx_hal_pcd.o
                0x0000000008001c24                HAL_PCD_SetAddress
 .text.HAL_PCD_EP_Open
                0x0000000008001c6e       0xcc Drivers/STM32F1xx_HAL_Driver/Src/stm32f1xx_hal_pcd.o
                0x0000000008001c6e                HAL_PCD_EP_Open
 .text.HAL_PCD_EP_Close
                0x0000000008001d3a       0x90 Drivers/STM32F1xx_HAL_Driver/Src/stm32f1xx_hal_pcd.o
                0x0000000008001d3a                HAL_PCD_EP_Close
 .text.HAL_PCD_EP_Receive
                0x0000000008001dca       0x7a Drivers/STM32F1xx_HAL_Driver/Src/stm32f1xx_hal_pcd.o
                0x0000000008001dca                HAL_PCD_EP_Receive
 .text.HAL_PCD_EP_GetRxCount
                0x0000000008001e44       0x2e Drivers/STM32F1xx_HAL_Driver/Src/stm32f1xx_hal_pcd.o
                0x0000000008001e44                HAL_PCD_EP_GetRxCount
 .text.HAL_PCD_EP_Transmit
                0x0000000008001e72       0x86 Drivers/STM32F1xx_HAL_Driver/Src/stm32f1xx_hal_pcd.o
                0x0000000008001e72                HAL_PCD_EP_Transmit
 .text.HAL_PCD_EP_SetStall
                0x0000000008001ef8       0xc0 Drivers/STM32F1xx_HAL_Driver/Src/stm32f1xx_hal_pcd.o
                0x0000000008001ef8                HAL_PCD_EP_SetStall
 .text.HAL_PCD_EP_ClrStall
                0x0000000008001fb8       0xa8 Drivers/STM32F1xx_HAL_Driver/Src/stm32f1xx_hal_pcd.o
                0x0000000008001fb8                HAL_PCD_EP_ClrStall
 .text.HAL_PCD_EP_Flush
                0x0000000008002060       0x5a Drivers/STM32F1xx_HAL_Driver/Src/stm32f1xx_hal_pcd.o
                0x0000000008002060                HAL_PCD_EP_Flush
 .text.PCD_EP_ISR_Handler
                0x00000000080020ba      0x5e6 Drivers/STM32F1xx_HAL_Driver/Src/stm32f1xx_hal_pcd.o
 .text.HAL_PCD_EP_DB_Receive
                0x00000000080026a0      0x21a Drivers/STM32F1xx_HAL_Driver/Src/stm32f1xx_hal_pcd.o
 .text.HAL_PCD_EP_DB_Transmit
                0x00000000080028ba      0x53a Drivers/STM32F1xx_HAL_Driver/Src/stm32f1xx_hal_pcd.o
 .text.HAL_PCDEx_PMAConfig
                0x0000000008002df4       0x84 Drivers/STM32F1xx_HAL_Driver/Src/stm32f1xx_hal_pcd_ex.o
                0x0000000008002df4                HAL_PCDEx_PMAConfig
 .text.HAL_RCC_OscConfig
                0x0000000008002e78      0x500 Drivers/STM32F1xx_HAL_Driver/Src/stm32f1xx_hal_rcc.o
                0x0000000008002e78                HAL_RCC_OscConfig
 .text.HAL_RCC_ClockConfig
                0x0000000008003378      0x1d4 Drivers/STM32F1xx_HAL_Driver/Src/stm32f1xx_hal_rcc.o
                0x0000000008003378                HAL_RCC_ClockConfig
 .text.HAL_RCC_GetSysClockFreq
                0x000000000800354c       0xc8 Drivers/STM32F1xx_HAL_Driver/Src/stm32f1xx_hal_rcc.o
                0x000000000800354c                HAL_RCC_GetSysClockFreq
 .text.HAL_RCC_GetHCLKFreq
                0x0000000008003614       0x14 Drivers/STM32F1xx_HAL_Driver/Src/stm32f1xx_hal_rcc.o
                0x0000000008003614                HAL_RCC_GetHCLKFreq
 .text.HAL_RCC_GetPCLK1Freq
                0x0000000008003628       0x28 Drivers/STM32F1xx_HAL_Driver/Src/stm32f1xx_hal_rcc.o
                0x0000000008003628                HAL_RCC_GetPCLK1Freq
 .text.RCC_Delay
                0x0000000008003650       0x3c Drivers/STM32F1xx_HAL_Driver/Src/stm32f1xx_hal_rcc.o
 .text.HAL_RCCEx_PeriphCLKConfig
                0x000000000800368c      0x16c Drivers/STM32F1xx_HAL_Driver/Src/stm32f1xx_hal_rcc_ex.o
                0x000000000800368c                HAL_RCCEx_PeriphCLKConfig
 .text.HAL_SD_Init
                0x00000000080037f8       0x60 Drivers/STM32F1xx_HAL_Driver/Src/stm32f1xx_hal_sd.o
                0x00000000080037f8                HAL_SD_Init
 .text.HAL_SD_InitCard
                0x0000000008003858       0xc0 Drivers/STM32F1xx_HAL_Driver/Src/stm32f1xx_hal_sd.o
                0x0000000008003858                HAL_SD_InitCard
 .text.HAL_SD_DeInit
                0x0000000008003918       0x3e Drivers/STM32F1xx_HAL_Driver/Src/stm32f1xx_hal_sd.o
                0x0000000008003918                HAL_SD_DeInit
 *fill*         0x0000000008003956        0x2 
 .text.HAL_SD_ReadBlocks
                0x0000000008003958      0x3f4 Drivers/STM32F1xx_HAL_Driver/Src/stm32f1xx_hal_sd.o
                0x0000000008003958                HAL_SD_ReadBlocks
 .text.HAL_SD_WriteBlocks
                0x0000000008003d4c      0x344 Drivers/STM32F1xx_HAL_Driver/Src/stm32f1xx_hal_sd.o
                0x0000000008003d4c                HAL_SD_WriteBlocks
 .text.HAL_SD_GetCardCSD
                0x0000000008004090      0x348 Drivers/STM32F1xx_HAL_Driver/Src/stm32f1xx_hal_sd.o
                0x0000000008004090                HAL_SD_GetCardCSD
 .text.HAL_SD_GetCardInfo
                0x00000000080043d8       0x56 Drivers/STM32F1xx_HAL_Driver/Src/stm32f1xx_hal_sd.o
                0x00000000080043d8                HAL_SD_GetCardInfo
 *fill*         0x000000000800442e        0x2 
 .text.HAL_SD_ConfigWideBusOperation
                0x0000000008004430       0xf8 Drivers/STM32F1xx_HAL_Driver/Src/stm32f1xx_hal_sd.o
                0x0000000008004430                HAL_SD_ConfigWideBusOperation
 .text.HAL_SD_GetCardState
                0x0000000008004528       0x40 Drivers/STM32F1xx_HAL_Driver/Src/stm32f1xx_hal_sd.o
                0x0000000008004528                HAL_SD_GetCardState
 .text.SD_InitCard
                0x0000000008004568      0x19a Drivers/STM32F1xx_HAL_Driver/Src/stm32f1xx_hal_sd.o
 *fill*         0x0000000008004702        0x2 
 .text.SD_PowerON
                0x0000000008004704      0x11c Drivers/STM32F1xx_HAL_Driver/Src/stm32f1xx_hal_sd.o
 .text.SD_PowerOFF
                0x0000000008004820       0x1a Drivers/STM32F1xx_HAL_Driver/Src/stm32f1xx_hal_sd.o
 .text.SD_SendStatus
                0x000000000800483a       0x50 Drivers/STM32F1xx_HAL_Driver/Src/stm32f1xx_hal_sd.o
 .text.SD_WideBus_Enable
                0x000000000800488a       0x96 Drivers/STM32F1xx_HAL_Driver/Src/stm32f1xx_hal_sd.o
 .text.SD_WideBus_Disable
                0x0000000008004920       0x96 Drivers/STM32F1xx_HAL_Driver/Src/stm32f1xx_hal_sd.o
 .text.SD_FindSCR
                0x00000000080049b6      0x194 Drivers/STM32F1xx_HAL_Driver/Src/stm32f1xx_hal_sd.o
 .text.SDIO_Init
                0x0000000008004b4a       0x54 Drivers/STM32F1xx_HAL_Driver/Src/stm32f1xx_ll_sdmmc.o
                0x0000000008004b4a                SDIO_Init
 .text.SDIO_ReadFIFO
                0x0000000008004b9e       0x18 Drivers/STM32F1xx_HAL_Driver/Src/stm32f1xx_ll_sdmmc.o
                0x0000000008004b9e                SDIO_ReadFIFO
 .text.SDIO_WriteFIFO
                0x0000000008004bb6       0x20 Drivers/STM32F1xx_HAL_Driver/Src/stm32f1xx_ll_sdmmc.o
                0x0000000008004bb6                SDIO_WriteFIFO
 .text.SDIO_PowerState_ON
                0x0000000008004bd6       0x1e Drivers/STM32F1xx_HAL_Driver/Src/stm32f1xx_ll_sdmmc.o
                0x0000000008004bd6                SDIO_PowerState_ON
 .text.SDIO_PowerState_OFF
                0x0000000008004bf4       0x1a Drivers/STM32F1xx_HAL_Driver/Src/stm32f1xx_ll_sdmmc.o
                0x0000000008004bf4                SDIO_PowerState_OFF
 .text.SDIO_GetPowerState
                0x0000000008004c0e       0x1a Drivers/STM32F1xx_HAL_Driver/Src/stm32f1xx_ll_sdmmc.o
                0x0000000008004c0e                SDIO_GetPowerState
 .text.SDIO_SendCommand
                0x0000000008004c28       0x52 Drivers/STM32F1xx_HAL_Driver/Src/stm32f1xx_ll_sdmmc.o
                0x0000000008004c28                SDIO_SendCommand
 .text.SDIO_GetCommandResponse
                0x0000000008004c7a       0x18 Drivers/STM32F1xx_HAL_Driver/Src/stm32f1xx_ll_sdmmc.o
                0x0000000008004c7a                SDIO_GetCommandResponse
 .text.SDIO_GetResponse
                0x0000000008004c92       0x24 Drivers/STM32F1xx_HAL_Driver/Src/stm32f1xx_ll_sdmmc.o
                0x0000000008004c92                SDIO_GetResponse
 .text.SDIO_ConfigData
                0x0000000008004cb6       0x56 Drivers/STM32F1xx_HAL_Driver/Src/stm32f1xx_ll_sdmmc.o
                0x0000000008004cb6                SDIO_ConfigData
 .text.SDMMC_CmdBlockLength
                0x0000000008004d0c       0x44 Drivers/STM32F1xx_HAL_Driver/Src/stm32f1xx_ll_sdmmc.o
                0x0000000008004d0c                SDMMC_CmdBlockLength
 .text.SDMMC_CmdReadSingleBlock
                0x0000000008004d50       0x44 Drivers/STM32F1xx_HAL_Driver/Src/stm32f1xx_ll_sdmmc.o
                0x0000000008004d50                SDMMC_CmdReadSingleBlock
 .text.SDMMC_CmdReadMultiBlock
                0x0000000008004d94       0x44 Drivers/STM32F1xx_HAL_Driver/Src/stm32f1xx_ll_sdmmc.o
                0x0000000008004d94                SDMMC_CmdReadMultiBlock
 .text.SDMMC_CmdWriteSingleBlock
                0x0000000008004dd8       0x44 Drivers/STM32F1xx_HAL_Driver/Src/stm32f1xx_ll_sdmmc.o
                0x0000000008004dd8                SDMMC_CmdWriteSingleBlock
 .text.SDMMC_CmdWriteMultiBlock
                0x0000000008004e1c       0x44 Drivers/STM32F1xx_HAL_Driver/Src/stm32f1xx_ll_sdmmc.o
                0x0000000008004e1c                SDMMC_CmdWriteMultiBlock
 .text.SDMMC_CmdStopTransfer
                0x0000000008004e60       0x44 Drivers/STM32F1xx_HAL_Driver/Src/stm32f1xx_ll_sdmmc.o
                0x0000000008004e60                SDMMC_CmdStopTransfer
 .text.SDMMC_CmdSelDesel
                0x0000000008004ea4       0x46 Drivers/STM32F1xx_HAL_Driver/Src/stm32f1xx_ll_sdmmc.o
                0x0000000008004ea4                SDMMC_CmdSelDesel
 .text.SDMMC_CmdGoIdleState
                0x0000000008004eea       0x3c Drivers/STM32F1xx_HAL_Driver/Src/stm32f1xx_ll_sdmmc.o
                0x0000000008004eea                SDMMC_CmdGoIdleState
 .text.SDMMC_CmdOperCond
                0x0000000008004f26       0x3e Drivers/STM32F1xx_HAL_Driver/Src/stm32f1xx_ll_sdmmc.o
                0x0000000008004f26                SDMMC_CmdOperCond
 .text.SDMMC_CmdAppCommand
                0x0000000008004f64       0x44 Drivers/STM32F1xx_HAL_Driver/Src/stm32f1xx_ll_sdmmc.o
                0x0000000008004f64                SDMMC_CmdAppCommand
 .text.SDMMC_CmdAppOperCommand
                0x0000000008004fa8       0x46 Drivers/STM32F1xx_HAL_Driver/Src/stm32f1xx_ll_sdmmc.o
                0x0000000008004fa8                SDMMC_CmdAppOperCommand
 .text.SDMMC_CmdBusWidth
                0x0000000008004fee       0x44 Drivers/STM32F1xx_HAL_Driver/Src/stm32f1xx_ll_sdmmc.o
                0x0000000008004fee                SDMMC_CmdBusWidth
 .text.SDMMC_CmdSendSCR
                0x0000000008005032       0x42 Drivers/STM32F1xx_HAL_Driver/Src/stm32f1xx_ll_sdmmc.o
                0x0000000008005032                SDMMC_CmdSendSCR
 .text.SDMMC_CmdSendCID
                0x0000000008005074       0x3c Drivers/STM32F1xx_HAL_Driver/Src/stm32f1xx_ll_sdmmc.o
                0x0000000008005074                SDMMC_CmdSendCID
 .text.SDMMC_CmdSendCSD
                0x00000000080050b0       0x3e Drivers/STM32F1xx_HAL_Driver/Src/stm32f1xx_ll_sdmmc.o
                0x00000000080050b0                SDMMC_CmdSendCSD
 .text.SDMMC_CmdSetRelAdd
                0x00000000080050ee       0x42 Drivers/STM32F1xx_HAL_Driver/Src/stm32f1xx_ll_sdmmc.o
                0x00000000080050ee                SDMMC_CmdSetRelAdd
 .text.SDMMC_CmdSendStatus
                0x0000000008005130       0x44 Drivers/STM32F1xx_HAL_Driver/Src/stm32f1xx_ll_sdmmc.o
                0x0000000008005130                SDMMC_CmdSendStatus
 .text.SDMMC_GetCmdError
                0x0000000008005174       0x50 Drivers/STM32F1xx_HAL_Driver/Src/stm32f1xx_ll_sdmmc.o
 .text.SDMMC_GetCmdResp1
                0x00000000080051c4      0x1d8 Drivers/STM32F1xx_HAL_Driver/Src/stm32f1xx_ll_sdmmc.o
 .text.SDMMC_GetCmdResp2
                0x000000000800539c       0x8c Drivers/STM32F1xx_HAL_Driver/Src/stm32f1xx_ll_sdmmc.o
 .text.SDMMC_GetCmdResp3
                0x0000000008005428       0x74 Drivers/STM32F1xx_HAL_Driver/Src/stm32f1xx_ll_sdmmc.o
 .text.SDMMC_GetCmdResp6
                0x000000000800549c       0xe8 Drivers/STM32F1xx_HAL_Driver/Src/stm32f1xx_ll_sdmmc.o
 .text.SDMMC_GetCmdResp7
                0x0000000008005584       0x98 Drivers/STM32F1xx_HAL_Driver/Src/stm32f1xx_ll_sdmmc.o
 .text.USB_CoreInit
                0x000000000800561c       0x20 Drivers/STM32F1xx_HAL_Driver/Src/stm32f1xx_ll_usb.o
                0x000000000800561c                USB_CoreInit
 .text.USB_EnableGlobalInt
                0x000000000800563c       0x2c Drivers/STM32F1xx_HAL_Driver/Src/stm32f1xx_ll_usb.o
                0x000000000800563c                USB_EnableGlobalInt
 .text.USB_DisableGlobalInt
                0x0000000008005668       0x34 Drivers/STM32F1xx_HAL_Driver/Src/stm32f1xx_ll_usb.o
                0x0000000008005668                USB_DisableGlobalInt
 .text.USB_SetCurrentMode
                0x000000000800569c       0x18 Drivers/STM32F1xx_HAL_Driver/Src/stm32f1xx_ll_usb.o
                0x000000000800569c                USB_SetCurrentMode
 .text.USB_DevInit
                0x00000000080056b4       0x40 Drivers/STM32F1xx_HAL_Driver/Src/stm32f1xx_ll_usb.o
                0x00000000080056b4                USB_DevInit
 .text.USB_FlushTxFifo
                0x00000000080056f4       0x16 Drivers/STM32F1xx_HAL_Driver/Src/stm32f1xx_ll_usb.o
                0x00000000080056f4                USB_FlushTxFifo
 .text.USB_FlushRxFifo
                0x000000000800570a       0x14 Drivers/STM32F1xx_HAL_Driver/Src/stm32f1xx_ll_usb.o
                0x000000000800570a                USB_FlushRxFifo
 *fill*         0x000000000800571e        0x2 
 .text.USB_ActivateEndpoint
                0x0000000008005720      0x6d4 Drivers/STM32F1xx_HAL_Driver/Src/stm32f1xx_ll_usb.o
                0x0000000008005720                USB_ActivateEndpoint
 .text.USB_DeactivateEndpoint
                0x0000000008005df4      0x3d8 Drivers/STM32F1xx_HAL_Driver/Src/stm32f1xx_ll_usb.o
                0x0000000008005df4                USB_DeactivateEndpoint
 .text.USB_EPStartXfer
                0x00000000080061cc     0x1240 Drivers/STM32F1xx_HAL_Driver/Src/stm32f1xx_ll_usb.o
                0x00000000080061cc                USB_EPStartXfer
 .text.USB_EPSetStall
                0x000000000800740c       0xa0 Drivers/STM32F1xx_HAL_Driver/Src/stm32f1xx_ll_usb.o
                0x000000000800740c                USB_EPSetStall
 .text.USB_EPClearStall
                0x00000000080074ac      0x15a Drivers/STM32F1xx_HAL_Driver/Src/stm32f1xx_ll_usb.o
                0x00000000080074ac                USB_EPClearStall
 .text.USB_SetDevAddress
                0x0000000008007606       0x26 Drivers/STM32F1xx_HAL_Driver/Src/stm32f1xx_ll_usb.o
                0x0000000008007606                USB_SetDevAddress
 .text.USB_DevConnect
                0x000000000800762c       0x14 Drivers/STM32F1xx_HAL_Driver/Src/stm32f1xx_ll_usb.o
                0x000000000800762c                USB_DevConnect
 .text.USB_DevDisconnect
                0x0000000008007640       0x14 Drivers/STM32F1xx_HAL_Driver/Src/stm32f1xx_ll_usb.o
                0x0000000008007640                USB_DevDisconnect
 .text.USB_ReadInterrupts
                0x0000000008007654       0x1e Drivers/STM32F1xx_HAL_Driver/Src/stm32f1xx_ll_usb.o
                0x0000000008007654                USB_ReadInterrupts
 .text.USB_EP0_OutStart
                0x0000000008007672       0x16 Drivers/STM32F1xx_HAL_Driver/Src/stm32f1xx_ll_usb.o
                0x0000000008007672                USB_EP0_OutStart
 .text.USB_WritePMA
                0x0000000008007688       0x88 Drivers/STM32F1xx_HAL_Driver/Src/stm32f1xx_ll_usb.o
                0x0000000008007688                USB_WritePMA
 .text.USB_ReadPMA
                0x0000000008007710       0x9e Drivers/STM32F1xx_HAL_Driver/Src/stm32f1xx_ll_usb.o
                0x0000000008007710                USB_ReadPMA
 .text.USBD_MSC_Init
                0x00000000080077ae       0x94 Middlewares/ST/STM32_USB_Device_Library/Class/MSC/Src/usbd_msc.o
                0x00000000080077ae                USBD_MSC_Init
 .text.USBD_MSC_DeInit
                0x0000000008007842       0x58 Middlewares/ST/STM32_USB_Device_Library/Class/MSC/Src/usbd_msc.o
                0x0000000008007842                USBD_MSC_DeInit
 *fill*         0x000000000800789a        0x2 
 .text.USBD_MSC_Setup
                0x000000000800789c      0x26c Middlewares/ST/STM32_USB_Device_Library/Class/MSC/Src/usbd_msc.o
                0x000000000800789c                USBD_MSC_Setup
 .text.USBD_MSC_DataIn
                0x0000000008007b08       0x20 Middlewares/ST/STM32_USB_Device_Library/Class/MSC/Src/usbd_msc.o
                0x0000000008007b08                USBD_MSC_DataIn
 .text.USBD_MSC_DataOut
                0x0000000008007b28       0x20 Middlewares/ST/STM32_USB_Device_Library/Class/MSC/Src/usbd_msc.o
                0x0000000008007b28                USBD_MSC_DataOut
 .text.USBD_MSC_GetHSCfgDesc
                0x0000000008007b48       0x20 Middlewares/ST/STM32_USB_Device_Library/Class/MSC/Src/usbd_msc.o
                0x0000000008007b48                USBD_MSC_GetHSCfgDesc
 .text.USBD_MSC_GetFSCfgDesc
                0x0000000008007b68       0x20 Middlewares/ST/STM32_USB_Device_Library/Class/MSC/Src/usbd_msc.o
                0x0000000008007b68                USBD_MSC_GetFSCfgDesc
 .text.USBD_MSC_GetOtherSpeedCfgDesc
                0x0000000008007b88       0x20 Middlewares/ST/STM32_USB_Device_Library/Class/MSC/Src/usbd_msc.o
                0x0000000008007b88                USBD_MSC_GetOtherSpeedCfgDesc
 .text.USBD_MSC_GetDeviceQualifierDescriptor
                0x0000000008007ba8       0x20 Middlewares/ST/STM32_USB_Device_Library/Class/MSC/Src/usbd_msc.o
                0x0000000008007ba8                USBD_MSC_GetDeviceQualifierDescriptor
 .text.USBD_MSC_RegisterStorage
                0x0000000008007bc8       0x24 Middlewares/ST/STM32_USB_Device_Library/Class/MSC/Src/usbd_msc.o
                0x0000000008007bc8                USBD_MSC_RegisterStorage
 .text.MSC_BOT_Init
                0x0000000008007bec       0x60 Middlewares/ST/STM32_USB_Device_Library/Class/MSC/Src/usbd_msc_bot.o
                0x0000000008007bec                MSC_BOT_Init
 .text.MSC_BOT_Reset
                0x0000000008007c4c       0x34 Middlewares/ST/STM32_USB_Device_Library/Class/MSC/Src/usbd_msc_bot.o
                0x0000000008007c4c                MSC_BOT_Reset
 .text.MSC_BOT_DeInit
                0x0000000008007c80       0x20 Middlewares/ST/STM32_USB_Device_Library/Class/MSC/Src/usbd_msc_bot.o
                0x0000000008007c80                MSC_BOT_DeInit
 .text.MSC_BOT_DataIn
                0x0000000008007ca0       0x62 Middlewares/ST/STM32_USB_Device_Library/Class/MSC/Src/usbd_msc_bot.o
                0x0000000008007ca0                MSC_BOT_DataIn
 .text.MSC_BOT_DataOut
                0x0000000008007d02       0x56 Middlewares/ST/STM32_USB_Device_Library/Class/MSC/Src/usbd_msc_bot.o
                0x0000000008007d02                MSC_BOT_DataOut
 .text.MSC_BOT_CBW_Decode
                0x0000000008007d58      0x10c Middlewares/ST/STM32_USB_Device_Library/Class/MSC/Src/usbd_msc_bot.o
 .text.MSC_BOT_SendData
                0x0000000008007e64       0x62 Middlewares/ST/STM32_USB_Device_Library/Class/MSC/Src/usbd_msc_bot.o
 *fill*         0x0000000008007ec6        0x2 
 .text.MSC_BOT_SendCSW
                0x0000000008007ec8       0x58 Middlewares/ST/STM32_USB_Device_Library/Class/MSC/Src/usbd_msc_bot.o
                0x0000000008007ec8                MSC_BOT_SendCSW
 .text.MSC_BOT_Abort
                0x0000000008007f20       0x5c Middlewares/ST/STM32_USB_Device_Library/Class/MSC/Src/usbd_msc_bot.o
 .text.MSC_BOT_CplClrFeature
                0x0000000008007f7c       0x4e Middlewares/ST/STM32_USB_Device_Library/Class/MSC/Src/usbd_msc_bot.o
                0x0000000008007f7c                MSC_BOT_CplClrFeature
 *fill*         0x0000000008007fca        0x2 
 .text.SCSI_ProcessCmd
                0x0000000008007fcc      0x250 Middlewares/ST/STM32_USB_Device_Library/Class/MSC/Src/usbd_msc_scsi.o
                0x0000000008007fcc                SCSI_ProcessCmd
 .text.SCSI_TestUnitReady
                0x000000000800821c       0x72 Middlewares/ST/STM32_USB_Device_Library/Class/MSC/Src/usbd_msc_scsi.o
 *fill*         0x000000000800828e        0x2 
 .text.SCSI_Inquiry
                0x0000000008008290       0xbc Middlewares/ST/STM32_USB_Device_Library/Class/MSC/Src/usbd_msc_scsi.o
 .text.SCSI_ReadCapacity10
                0x000000000800834c       0xce Middlewares/ST/STM32_USB_Device_Library/Class/MSC/Src/usbd_msc_scsi.o
 .text.SCSI_ReadFormatCapacity
                0x000000000800841a       0xc8 Middlewares/ST/STM32_USB_Device_Library/Class/MSC/Src/usbd_msc_scsi.o
 *fill*         0x00000000080084e2        0x2 
 .text.SCSI_ModeSense6
                0x00000000080084e4       0x50 Middlewares/ST/STM32_USB_Device_Library/Class/MSC/Src/usbd_msc_scsi.o
 .text.SCSI_ModeSense10
                0x0000000008008534       0x50 Middlewares/ST/STM32_USB_Device_Library/Class/MSC/Src/usbd_msc_scsi.o
 .text.SCSI_RequestSense
                0x0000000008008584       0xd4 Middlewares/ST/STM32_USB_Device_Library/Class/MSC/Src/usbd_msc_scsi.o
 .text.SCSI_SenseCode
                0x0000000008008658       0x72 Middlewares/ST/STM32_USB_Device_Library/Class/MSC/Src/usbd_msc_scsi.o
                0x0000000008008658                SCSI_SenseCode
 .text.SCSI_StartStopUnit
                0x00000000080086ca       0x28 Middlewares/ST/STM32_USB_Device_Library/Class/MSC/Src/usbd_msc_scsi.o
 .text.SCSI_Read10
                0x00000000080086f2      0x118 Middlewares/ST/STM32_USB_Device_Library/Class/MSC/Src/usbd_msc_scsi.o
 .text.SCSI_Write10
                0x000000000800880a      0x160 Middlewares/ST/STM32_USB_Device_Library/Class/MSC/Src/usbd_msc_scsi.o
 .text.SCSI_Verify10
                0x000000000800896a       0x66 Middlewares/ST/STM32_USB_Device_Library/Class/MSC/Src/usbd_msc_scsi.o
 .text.SCSI_CheckAddressRange
                0x00000000080089d0       0x44 Middlewares/ST/STM32_USB_Device_Library/Class/MSC/Src/usbd_msc_scsi.o
 .text.SCSI_ProcessRead
                0x0000000008008a14       0xe8 Middlewares/ST/STM32_USB_Device_Library/Class/MSC/Src/usbd_msc_scsi.o
 .text.SCSI_ProcessWrite
                0x0000000008008afc      0x108 Middlewares/ST/STM32_USB_Device_Library/Class/MSC/Src/usbd_msc_scsi.o
 .text.USBD_Init
                0x0000000008008c04       0x56 Middlewares/ST/STM32_USB_Device_Library/Core/Src/usbd_core.o
                0x0000000008008c04                USBD_Init
 .text.USBD_RegisterClass
                0x0000000008008c5a       0x32 Middlewares/ST/STM32_USB_Device_Library/Core/Src/usbd_core.o
                0x0000000008008c5a                USBD_RegisterClass
 .text.USBD_Start
                0x0000000008008c8c       0x18 Middlewares/ST/STM32_USB_Device_Library/Core/Src/usbd_core.o
                0x0000000008008c8c                USBD_Start
 .text.USBD_RunTestMode
                0x0000000008008ca4       0x14 Middlewares/ST/STM32_USB_Device_Library/Core/Src/usbd_core.o
                0x0000000008008ca4                USBD_RunTestMode
 .text.USBD_SetClassConfig
                0x0000000008008cb8       0x3e Middlewares/ST/STM32_USB_Device_Library/Core/Src/usbd_core.o
                0x0000000008008cb8                USBD_SetClassConfig
 .text.USBD_ClrClassConfig
                0x0000000008008cf6       0x26 Middlewares/ST/STM32_USB_Device_Library/Core/Src/usbd_core.o
                0x0000000008008cf6                USBD_ClrClassConfig
 .text.USBD_LL_SetupStage
                0x0000000008008d1c       0x96 Middlewares/ST/STM32_USB_Device_Library/Core/Src/usbd_core.o
                0x0000000008008d1c                USBD_LL_SetupStage
 .text.USBD_LL_DataOutStage
                0x0000000008008db2       0xe2 Middlewares/ST/STM32_USB_Device_Library/Core/Src/usbd_core.o
                0x0000000008008db2                USBD_LL_DataOutStage
 .text.USBD_LL_DataInStage
                0x0000000008008e94      0x14a Middlewares/ST/STM32_USB_Device_Library/Core/Src/usbd_core.o
                0x0000000008008e94                USBD_LL_DataInStage
 .text.USBD_LL_Reset
                0x0000000008008fde       0x82 Middlewares/ST/STM32_USB_Device_Library/Core/Src/usbd_core.o
                0x0000000008008fde                USBD_LL_Reset
 .text.USBD_LL_SetSpeed
                0x0000000008009060       0x1e Middlewares/ST/STM32_USB_Device_Library/Core/Src/usbd_core.o
                0x0000000008009060                USBD_LL_SetSpeed
 .text.USBD_LL_Suspend
                0x000000000800907e       0x28 Middlewares/ST/STM32_USB_Device_Library/Core/Src/usbd_core.o
                0x000000000800907e                USBD_LL_Suspend
 .text.USBD_LL_Resume
                0x00000000080090a6       0x2a Middlewares/ST/STM32_USB_Device_Library/Core/Src/usbd_core.o
                0x00000000080090a6                USBD_LL_Resume
 .text.USBD_LL_SOF
                0x00000000080090d0       0x34 Middlewares/ST/STM32_USB_Device_Library/Core/Src/usbd_core.o
                0x00000000080090d0                USBD_LL_SOF
 .text.USBD_StdDevReq
                0x0000000008009104       0xd4 Middlewares/ST/STM32_USB_Device_Library/Core/Src/usbd_ctlreq.o
                0x0000000008009104                USBD_StdDevReq
 .text.USBD_StdItfReq
                0x00000000080091d8       0x8c Middlewares/ST/STM32_USB_Device_Library/Core/Src/usbd_ctlreq.o
                0x00000000080091d8                USBD_StdItfReq
 .text.USBD_StdEPReq
                0x0000000008009264      0x2ba Middlewares/ST/STM32_USB_Device_Library/Core/Src/usbd_ctlreq.o
                0x0000000008009264                USBD_StdEPReq
 *fill*         0x000000000800951e        0x2 
 .text.USBD_GetDescriptor
                0x0000000008009520      0x2d0 Middlewares/ST/STM32_USB_Device_Library/Core/Src/usbd_ctlreq.o
 .text.USBD_SetAddress
                0x00000000080097f0       0x84 Middlewares/ST/STM32_USB_Device_Library/Core/Src/usbd_ctlreq.o
 .text.USBD_SetConfig
                0x0000000008009874      0x11c Middlewares/ST/STM32_USB_Device_Library/Core/Src/usbd_ctlreq.o
 .text.USBD_GetConfig
                0x0000000008009990       0x68 Middlewares/ST/STM32_USB_Device_Library/Core/Src/usbd_ctlreq.o
 .text.USBD_GetStatus
                0x00000000080099f8       0x66 Middlewares/ST/STM32_USB_Device_Library/Core/Src/usbd_ctlreq.o
 .text.USBD_SetFeature
                0x0000000008009a5e       0x28 Middlewares/ST/STM32_USB_Device_Library/Core/Src/usbd_ctlreq.o
 .text.USBD_ClrFeature
                0x0000000008009a86       0x42 Middlewares/ST/STM32_USB_Device_Library/Core/Src/usbd_ctlreq.o
 .text.USBD_ParseSetupRequest
                0x0000000008009ac8       0x78 Middlewares/ST/STM32_USB_Device_Library/Core/Src/usbd_ctlreq.o
                0x0000000008009ac8                USBD_ParseSetupRequest
 .text.USBD_CtlError
                0x0000000008009b40       0x22 Middlewares/ST/STM32_USB_Device_Library/Core/Src/usbd_ctlreq.o
                0x0000000008009b40                USBD_CtlError
 .text.USBD_GetString
                0x0000000008009b62       0x84 Middlewares/ST/STM32_USB_Device_Library/Core/Src/usbd_ctlreq.o
                0x0000000008009b62                USBD_GetString
 .text.USBD_GetLen
                0x0000000008009be6       0x2e Middlewares/ST/STM32_USB_Device_Library/Core/Src/usbd_ctlreq.o
 .text.USBD_CtlSendData
                0x0000000008009c14       0x38 Middlewares/ST/STM32_USB_Device_Library/Core/Src/usbd_ioreq.o
                0x0000000008009c14                USBD_CtlSendData
 .text.USBD_CtlContinueSendData
                0x0000000008009c4c       0x24 Middlewares/ST/STM32_USB_Device_Library/Core/Src/usbd_ioreq.o
                0x0000000008009c4c                USBD_CtlContinueSendData
 .text.USBD_CtlContinueRx
                0x0000000008009c70       0x24 Middlewares/ST/STM32_USB_Device_Library/Core/Src/usbd_ioreq.o
                0x0000000008009c70                USBD_CtlContinueRx
 .text.USBD_CtlSendStatus
                0x0000000008009c94       0x26 Middlewares/ST/STM32_USB_Device_Library/Core/Src/usbd_ioreq.o
                0x0000000008009c94                USBD_CtlSendStatus
 .text.USBD_CtlReceiveStatus
                0x0000000008009cba       0x26 Middlewares/ST/STM32_USB_Device_Library/Core/Src/usbd_ioreq.o
                0x0000000008009cba                USBD_CtlReceiveStatus
 .text.MX_USB_DEVICE_Init
                0x0000000008009ce0       0x60 USB_DEVICE/App/usb_device.o
                0x0000000008009ce0                MX_USB_DEVICE_Init
 .text.USBD_FS_DeviceDescriptor
                0x0000000008009d40       0x24 USB_DEVICE/App/usbd_desc.o
                0x0000000008009d40                USBD_FS_DeviceDescriptor
 .text.USBD_FS_LangIDStrDescriptor
                0x0000000008009d64       0x24 USB_DEVICE/App/usbd_desc.o
                0x0000000008009d64                USBD_FS_LangIDStrDescriptor
 .text.USBD_FS_ProductStrDescriptor
                0x0000000008009d88       0x3c USB_DEVICE/App/usbd_desc.o
                0x0000000008009d88                USBD_FS_ProductStrDescriptor
 .text.USBD_FS_ManufacturerStrDescriptor
                0x0000000008009dc4       0x28 USB_DEVICE/App/usbd_desc.o
                0x0000000008009dc4                USBD_FS_ManufacturerStrDescriptor
 .text.USBD_FS_SerialStrDescriptor
                0x0000000008009dec       0x24 USB_DEVICE/App/usbd_desc.o
                0x0000000008009dec                USBD_FS_SerialStrDescriptor
 .text.USBD_FS_ConfigStrDescriptor
                0x0000000008009e10       0x3c USB_DEVICE/App/usbd_desc.o
                0x0000000008009e10                USBD_FS_ConfigStrDescriptor
 .text.USBD_FS_InterfaceStrDescriptor
                0x0000000008009e4c       0x3c USB_DEVICE/App/usbd_desc.o
                0x0000000008009e4c                USBD_FS_InterfaceStrDescriptor
 .text.Get_SerialNum
                0x0000000008009e88       0x58 USB_DEVICE/App/usbd_desc.o
 .text.IntToUnicode
                0x0000000008009ee0       0x7a USB_DEVICE/App/usbd_desc.o
 .text.STORAGE_Init_FS
                0x0000000008009f5a       0x16 USB_DEVICE/App/usbd_storage_if.o
 .text.STORAGE_GetCapacity_FS
                0x0000000008009f70       0x3c USB_DEVICE/App/usbd_storage_if.o
 .text.STORAGE_IsReady_FS
                0x0000000008009fac       0x16 USB_DEVICE/App/usbd_storage_if.o
 .text.STORAGE_IsWriteProtected_FS
                0x0000000008009fc2       0x16 USB_DEVICE/App/usbd_storage_if.o
 .text.STORAGE_Read_FS
                0x0000000008009fd8       0x3c USB_DEVICE/App/usbd_storage_if.o
 .text.STORAGE_Write_FS
                0x000000000800a014       0x3c USB_DEVICE/App/usbd_storage_if.o
 .text.STORAGE_GetMaxLun_FS
                0x000000000800a050        0xe USB_DEVICE/App/usbd_storage_if.o
 *fill*         0x000000000800a05e        0x2 
 .text.HAL_PCD_MspInit
                0x000000000800a060       0x4c USB_DEVICE/Target/usbd_conf.o
                0x000000000800a060                HAL_PCD_MspInit
 .text.HAL_PCD_SetupStageCallback
                0x000000000800a0ac       0x24 USB_DEVICE/Target/usbd_conf.o
                0x000000000800a0ac                HAL_PCD_SetupStageCallback
 .text.HAL_PCD_DataOutStageCallback
                0x000000000800a0d0       0x36 USB_DEVICE/Target/usbd_conf.o
                0x000000000800a0d0                HAL_PCD_DataOutStageCallback
 .text.HAL_PCD_DataInStageCallback
                0x000000000800a106       0x34 USB_DEVICE/Target/usbd_conf.o
                0x000000000800a106                HAL_PCD_DataInStageCallback
 .text.HAL_PCD_SOFCallback
                0x000000000800a13a       0x1c USB_DEVICE/Target/usbd_conf.o
                0x000000000800a13a                HAL_PCD_SOFCallback
 .text.HAL_PCD_ResetCallback
                0x000000000800a156       0x3c USB_DEVICE/Target/usbd_conf.o
                0x000000000800a156                HAL_PCD_ResetCallback
 *fill*         0x000000000800a192        0x2 
 .text.HAL_PCD_SuspendCallback
                0x000000000800a194       0x34 USB_DEVICE/Target/usbd_conf.o
                0x000000000800a194                HAL_PCD_SuspendCallback
 .text.HAL_PCD_ResumeCallback
                0x000000000800a1c8       0x1c USB_DEVICE/Target/usbd_conf.o
                0x000000000800a1c8                HAL_PCD_ResumeCallback
 .text.USBD_LL_Init
                0x000000000800a1e4       0xa0 USB_DEVICE/Target/usbd_conf.o
                0x000000000800a1e4                USBD_LL_Init
 .text.USBD_LL_Start
                0x000000000800a284       0x36 USB_DEVICE/Target/usbd_conf.o
                0x000000000800a284                USBD_LL_Start
 .text.USBD_LL_OpenEP
                0x000000000800a2ba       0x4c USB_DEVICE/Target/usbd_conf.o
                0x000000000800a2ba                USBD_LL_OpenEP
 .text.USBD_LL_CloseEP
                0x000000000800a306       0x3e USB_DEVICE/Target/usbd_conf.o
                0x000000000800a306                USBD_LL_CloseEP
 .text.USBD_LL_FlushEP
                0x000000000800a344       0x3e USB_DEVICE/Target/usbd_conf.o
                0x000000000800a344                USBD_LL_FlushEP
 .text.USBD_LL_StallEP
                0x000000000800a382       0x3e USB_DEVICE/Target/usbd_conf.o
                0x000000000800a382                USBD_LL_StallEP
 .text.USBD_LL_ClearStallEP
                0x000000000800a3c0       0x3e USB_DEVICE/Target/usbd_conf.o
                0x000000000800a3c0                USBD_LL_ClearStallEP
 .text.USBD_LL_IsStallEP
                0x000000000800a3fe       0x58 USB_DEVICE/Target/usbd_conf.o
                0x000000000800a3fe                USBD_LL_IsStallEP
 .text.USBD_LL_SetUSBAddress
                0x000000000800a456       0x3e USB_DEVICE/Target/usbd_conf.o
                0x000000000800a456                USBD_LL_SetUSBAddress
 .text.USBD_LL_Transmit
                0x000000000800a494       0x46 USB_DEVICE/Target/usbd_conf.o
                0x000000000800a494                USBD_LL_Transmit
 .text.USBD_LL_PrepareReceive
                0x000000000800a4da       0x46 USB_DEVICE/Target/usbd_conf.o
                0x000000000800a4da                USBD_LL_PrepareReceive
 .text.USBD_LL_GetRxDataSize
                0x000000000800a520       0x26 USB_DEVICE/Target/usbd_conf.o
                0x000000000800a520                USBD_LL_GetRxDataSize
 *fill*         0x000000000800a546        0x2 
 .text.USBD_static_malloc
                0x000000000800a548       0x18 USB_DEVICE/Target/usbd_conf.o
                0x000000000800a548                USBD_static_malloc
 .text.USBD_static_free
                0x000000000800a560       0x12 USB_DEVICE/Target/usbd_conf.o
                0x000000000800a560                USBD_static_free
 .text.HAL_PCDEx_SetConnectionState
                0x000000000800a572       0x16 USB_DEVICE/Target/usbd_conf.o
                0x000000000800a572                HAL_PCDEx_SetConnectionState
 .text.USBD_Get_USB_Status
                0x000000000800a588       0x58 USB_DEVICE/Target/usbd_conf.o
 .text.__libc_init_array
                0x000000000800a5e0       0x48 c:/program files/stmicroelectronics/stm32cubeide_1.5.0/stm32cubeide/plugins/com.st.stm32cube.ide.mcu.externaltools.gnu-tools-for-stm32.7-2018-q2-update.win32_1.5.0.202011040924/tools/bin/../lib/gcc/arm-none-eabi/7.3.1/../../../../arm-none-eabi/lib/thumb/v7-m\libc_nano.a(lib_a-init.o)
                0x000000000800a5e0                __libc_init_array
 .text.memset   0x000000000800a628       0x10 c:/program files/stmicroelectronics/stm32cubeide_1.5.0/stm32cubeide/plugins/com.st.stm32cube.ide.mcu.externaltools.gnu-tools-for-stm32.7-2018-q2-update.win32_1.5.0.202011040924/tools/bin/../lib/gcc/arm-none-eabi/7.3.1/../../../../arm-none-eabi/lib/thumb/v7-m\libc_nano.a(lib_a-memset.o)
                0x000000000800a628                memset
 *(.glue_7)
 .glue_7        0x000000000800a638        0x0 linker stubs
 *(.glue_7t)
 .glue_7t       0x000000000800a638        0x0 linker stubs
 *(.eh_frame)
 .eh_frame      0x000000000800a638        0x0 c:/program files/stmicroelectronics/stm32cubeide_1.5.0/stm32cubeide/plugins/com.st.stm32cube.ide.mcu.externaltools.gnu-tools-for-stm32.7-2018-q2-update.win32_1.5.0.202011040924/tools/bin/../lib/gcc/arm-none-eabi/7.3.1/thumb/v7-m/crtbegin.o
 *(.init)
 .init          0x000000000800a638        0x4 c:/program files/stmicroelectronics/stm32cubeide_1.5.0/stm32cubeide/plugins/com.st.stm32cube.ide.mcu.externaltools.gnu-tools-for-stm32.7-2018-q2-update.win32_1.5.0.202011040924/tools/bin/../lib/gcc/arm-none-eabi/7.3.1/thumb/v7-m/crti.o
                0x000000000800a638                _init
 .init          0x000000000800a63c        0x8 c:/program files/stmicroelectronics/stm32cubeide_1.5.0/stm32cubeide/plugins/com.st.stm32cube.ide.mcu.externaltools.gnu-tools-for-stm32.7-2018-q2-update.win32_1.5.0.202011040924/tools/bin/../lib/gcc/arm-none-eabi/7.3.1/thumb/v7-m/crtn.o
 *(.fini)
 .fini          0x000000000800a644        0x4 c:/program files/stmicroelectronics/stm32cubeide_1.5.0/stm32cubeide/plugins/com.st.stm32cube.ide.mcu.externaltools.gnu-tools-for-stm32.7-2018-q2-update.win32_1.5.0.202011040924/tools/bin/../lib/gcc/arm-none-eabi/7.3.1/thumb/v7-m/crti.o
                0x000000000800a644                _fini
 .fini          0x000000000800a648        0x8 c:/program files/stmicroelectronics/stm32cubeide_1.5.0/stm32cubeide/plugins/com.st.stm32cube.ide.mcu.externaltools.gnu-tools-for-stm32.7-2018-q2-update.win32_1.5.0.202011040924/tools/bin/../lib/gcc/arm-none-eabi/7.3.1/thumb/v7-m/crtn.o
                0x000000000800a650                . = ALIGN (0x4)
                0x000000000800a650                _etext = .

.vfp11_veneer   0x000000000800a650        0x0
 .vfp11_veneer  0x000000000800a650        0x0 linker stubs

.v4_bx          0x000000000800a650        0x0
 .v4_bx         0x000000000800a650        0x0 linker stubs

.iplt           0x000000000800a650        0x0
 .iplt          0x000000000800a650        0x0 c:/program files/stmicroelectronics/stm32cubeide_1.5.0/stm32cubeide/plugins/com.st.stm32cube.ide.mcu.externaltools.gnu-tools-for-stm32.7-2018-q2-update.win32_1.5.0.202011040924/tools/bin/../lib/gcc/arm-none-eabi/7.3.1/thumb/v7-m/crtbegin.o

.rodata         0x000000000800a650       0xac
                0x000000000800a650                . = ALIGN (0x4)
 *(.rodata)
 .rodata        0x000000000800a650       0x12 Drivers/STM32F1xx_HAL_Driver/Src/stm32f1xx_hal_rcc.o
 *fill*         0x000000000800a662        0x2 
 .rodata        0x000000000800a664       0x42 USB_DEVICE/App/usbd_desc.o
 *(.rodata*)
 *fill*         0x000000000800a6a6        0x2 
 .rodata.AHBPrescTable
                0x000000000800a6a8       0x10 Core/Src/system_stm32f1xx.o
                0x000000000800a6a8                AHBPrescTable
 .rodata.APBPrescTable
                0x000000000800a6b8        0x8 Core/Src/system_stm32f1xx.o
                0x000000000800a6b8                APBPrescTable
 .rodata.MSC_Page00_Inquiry_Data
                0x000000000800a6c0        0x7 Middlewares/ST/STM32_USB_Device_Library/Class/MSC/Src/usbd_msc_data.o
                0x000000000800a6c0                MSC_Page00_Inquiry_Data
 *fill*         0x000000000800a6c7        0x1 
 .rodata.MSC_Mode_Sense6_data
                0x000000000800a6c8        0x8 Middlewares/ST/STM32_USB_Device_Library/Class/MSC/Src/usbd_msc_data.o
                0x000000000800a6c8                MSC_Mode_Sense6_data
 .rodata.MSC_Mode_Sense10_data
                0x000000000800a6d0        0x8 Middlewares/ST/STM32_USB_Device_Library/Class/MSC/Src/usbd_msc_data.o
                0x000000000800a6d0                MSC_Mode_Sense10_data
 .rodata.STORAGE_Inquirydata_FS
                0x000000000800a6d8       0x24 USB_DEVICE/App/usbd_storage_if.o
                0x000000000800a6d8                STORAGE_Inquirydata_FS
                0x000000000800a6fc                . = ALIGN (0x4)

.rel.dyn        0x000000000800a6fc        0x0
 .rel.iplt      0x000000000800a6fc        0x0 c:/program files/stmicroelectronics/stm32cubeide_1.5.0/stm32cubeide/plugins/com.st.stm32cube.ide.mcu.externaltools.gnu-tools-for-stm32.7-2018-q2-update.win32_1.5.0.202011040924/tools/bin/../lib/gcc/arm-none-eabi/7.3.1/thumb/v7-m/crtbegin.o

.ARM.extab      0x000000000800a6fc        0x0
                0x000000000800a6fc                . = ALIGN (0x4)
 *(.ARM.extab* .gnu.linkonce.armextab.*)
                0x000000000800a6fc                . = ALIGN (0x4)

.ARM            0x000000000800a6fc        0x0
                0x000000000800a6fc                . = ALIGN (0x4)
                0x000000000800a6fc                __exidx_start = .
 *(.ARM.exidx*)
                0x000000000800a6fc                __exidx_end = .
                0x000000000800a6fc                . = ALIGN (0x4)

.preinit_array  0x000000000800a6fc        0x0
                0x000000000800a6fc                . = ALIGN (0x4)
                0x000000000800a6fc                PROVIDE (__preinit_array_start = .)
 *(.preinit_array*)
                0x000000000800a6fc                PROVIDE (__preinit_array_end = .)
                0x000000000800a6fc                . = ALIGN (0x4)

.init_array     0x000000000800a6fc        0x4
                0x000000000800a6fc                . = ALIGN (0x4)
                0x000000000800a6fc                PROVIDE (__init_array_start = .)
 *(SORT_BY_NAME(.init_array.*))
 *(.init_array*)
 .init_array    0x000000000800a6fc        0x4 c:/program files/stmicroelectronics/stm32cubeide_1.5.0/stm32cubeide/plugins/com.st.stm32cube.ide.mcu.externaltools.gnu-tools-for-stm32.7-2018-q2-update.win32_1.5.0.202011040924/tools/bin/../lib/gcc/arm-none-eabi/7.3.1/thumb/v7-m/crtbegin.o
                0x000000000800a700                PROVIDE (__init_array_end = .)
                0x000000000800a700                . = ALIGN (0x4)

.fini_array     0x000000000800a700        0x4
                0x000000000800a700                . = ALIGN (0x4)
                [!provide]                        PROVIDE (__fini_array_start = .)
 *(SORT_BY_NAME(.fini_array.*))
 *(.fini_array*)
 .fini_array    0x000000000800a700        0x4 c:/program files/stmicroelectronics/stm32cubeide_1.5.0/stm32cubeide/plugins/com.st.stm32cube.ide.mcu.externaltools.gnu-tools-for-stm32.7-2018-q2-update.win32_1.5.0.202011040924/tools/bin/../lib/gcc/arm-none-eabi/7.3.1/thumb/v7-m/crtbegin.o
                [!provide]                        PROVIDE (__fini_array_end = .)
                0x000000000800a704                . = ALIGN (0x4)
                0x000000000800a704                _sidata = LOADADDR (.data)

.data           0x0000000020000000      0x124 load address 0x000000000800a704
                0x0000000020000000                . = ALIGN (0x4)
                0x0000000020000000                _sdata = .
 *(.data)
 *(.data*)
 .data.selectedSDcard
                0x0000000020000000        0x4 Core/Src/main.o
                0x0000000020000000                selectedSDcard
 .data.SystemCoreClock
                0x0000000020000004        0x4 Core/Src/system_stm32f1xx.o
                0x0000000020000004                SystemCoreClock
 .data.uwTickPrio
                0x0000000020000008        0x4 Drivers/STM32F1xx_HAL_Driver/Src/stm32f1xx_hal.o
                0x0000000020000008                uwTickPrio
 .data.uwTickFreq
                0x000000002000000c        0x1 Drivers/STM32F1xx_HAL_Driver/Src/stm32f1xx_hal.o
                0x000000002000000c                uwTickFreq
 *fill*         0x000000002000000d        0x3 
 .data.USBD_MSC
                0x0000000020000010       0x38 Middlewares/ST/STM32_USB_Device_Library/Class/MSC/Src/usbd_msc.o
                0x0000000020000010                USBD_MSC
 .data.USBD_MSC_CfgHSDesc
                0x0000000020000048       0x20 Middlewares/ST/STM32_USB_Device_Library/Class/MSC/Src/usbd_msc.o
                0x0000000020000048                USBD_MSC_CfgHSDesc
 .data.USBD_MSC_CfgFSDesc
                0x0000000020000068       0x20 Middlewares/ST/STM32_USB_Device_Library/Class/MSC/Src/usbd_msc.o
                0x0000000020000068                USBD_MSC_CfgFSDesc
 .data.USBD_MSC_OtherSpeedCfgDesc
                0x0000000020000088       0x20 Middlewares/ST/STM32_USB_Device_Library/Class/MSC/Src/usbd_msc.o
                0x0000000020000088                USBD_MSC_OtherSpeedCfgDesc
 .data.USBD_MSC_DeviceQualifierDesc
                0x00000000200000a8        0xa Middlewares/ST/STM32_USB_Device_Library/Class/MSC/Src/usbd_msc.o
                0x00000000200000a8                USBD_MSC_DeviceQualifierDesc
 *fill*         0x00000000200000b2        0x2 
 .data.FS_Desc  0x00000000200000b4       0x1c USB_DEVICE/App/usbd_desc.o
                0x00000000200000b4                FS_Desc
 .data.USBD_FS_DeviceDesc
                0x00000000200000d0       0x12 USB_DEVICE/App/usbd_desc.o
                0x00000000200000d0                USBD_FS_DeviceDesc
 *fill*         0x00000000200000e2        0x2 
 .data.USBD_LangIDDesc
                0x00000000200000e4        0x4 USB_DEVICE/App/usbd_desc.o
                0x00000000200000e4                USBD_LangIDDesc
 .data.USBD_StringSerial
                0x00000000200000e8       0x1a USB_DEVICE/App/usbd_desc.o
                0x00000000200000e8                USBD_StringSerial
 *fill*         0x0000000020000102        0x2 
 .data.USBD_Storage_Interface_fops_FS
                0x0000000020000104       0x20 USB_DEVICE/App/usbd_storage_if.o
                0x0000000020000104                USBD_Storage_Interface_fops_FS
 *(.RamFunc)
 *(.RamFunc*)
                0x0000000020000124                . = ALIGN (0x4)
                0x0000000020000124                _edata = .

.igot.plt       0x0000000020000124        0x0 load address 0x000000000800a828
 .igot.plt      0x0000000020000124        0x0 c:/program files/stmicroelectronics/stm32cubeide_1.5.0/stm32cubeide/plugins/com.st.stm32cube.ide.mcu.externaltools.gnu-tools-for-stm32.7-2018-q2-update.win32_1.5.0.202011040924/tools/bin/../lib/gcc/arm-none-eabi/7.3.1/thumb/v7-m/crtbegin.o
                0x0000000020000124                . = ALIGN (0x4)

.bss            0x0000000020000124      0xb3c load address 0x000000000800a828
                0x0000000020000124                _sbss = .
                0x0000000020000124                __bss_start__ = _sbss
 *(.bss)
 .bss           0x0000000020000124       0x1c c:/program files/stmicroelectronics/stm32cubeide_1.5.0/stm32cubeide/plugins/com.st.stm32cube.ide.mcu.externaltools.gnu-tools-for-stm32.7-2018-q2-update.win32_1.5.0.202011040924/tools/bin/../lib/gcc/arm-none-eabi/7.3.1/thumb/v7-m/crtbegin.o
 *(.bss*)
 .bss.cfgidx.8305
                0x0000000020000140        0x1 Middlewares/ST/STM32_USB_Device_Library/Core/Src/usbd_ctlreq.o
 *fill*         0x0000000020000141        0x3 
 .bss.mem.8437  0x0000000020000144      0x270 USB_DEVICE/Target/usbd_conf.o
 *(COMMON)
 COMMON         0x00000000200003b4       0xd8 Core/Src/main.o
                0x00000000200003b4                hi2c1
                0x0000000020000408                hsd
 COMMON         0x000000002000048c        0x4 Drivers/STM32F1xx_HAL_Driver/Src/stm32f1xx_hal.o
                0x000000002000048c                uwTick
 COMMON         0x0000000020000490      0x2c4 USB_DEVICE/App/usb_device.o
                0x0000000020000490                hUsbDeviceFS
 COMMON         0x0000000020000754      0x200 USB_DEVICE/App/usbd_desc.o
                0x0000000020000754                USBD_StrDesc
 COMMON         0x0000000020000954       0x20 USB_DEVICE/App/usbd_storage_if.o
                0x0000000020000954                SDCardInfo
 COMMON         0x0000000020000974      0x2ec USB_DEVICE/Target/usbd_conf.o
                0x0000000020000974                hpcd_USB_FS
                0x0000000020000c60                . = ALIGN (0x4)
                0x0000000020000c60                _ebss = .
                0x0000000020000c60                __bss_end__ = _ebss

._user_heap_stack
                0x0000000020000c60     0x3000 load address 0x000000000800a828
                0x0000000020000c60                . = ALIGN (0x8)
                [!provide]                        PROVIDE (end = .)
                0x0000000020000c60                PROVIDE (_end = .)
                0x0000000020001c60                . = (. + _Min_Heap_Size)
 *fill*         0x0000000020000c60     0x1000 
                0x0000000020003c60                . = (. + _Min_Stack_Size)
 *fill*         0x0000000020001c60     0x2000 
                0x0000000020003c60                . = ALIGN (0x8)

/DISCARD/
 libc.a(*)
 libm.a(*)
 libgcc.a(*)

.ARM.attributes
                0x0000000000000000       0x29
 *(.ARM.attributes)
 .ARM.attributes
                0x0000000000000000       0x1d c:/program files/stmicroelectronics/stm32cubeide_1.5.0/stm32cubeide/plugins/com.st.stm32cube.ide.mcu.externaltools.gnu-tools-for-stm32.7-2018-q2-update.win32_1.5.0.202011040924/tools/bin/../lib/gcc/arm-none-eabi/7.3.1/thumb/v7-m/crti.o
 .ARM.attributes
                0x000000000000001d       0x2d c:/program files/stmicroelectronics/stm32cubeide_1.5.0/stm32cubeide/plugins/com.st.stm32cube.ide.mcu.externaltools.gnu-tools-for-stm32.7-2018-q2-update.win32_1.5.0.202011040924/tools/bin/../lib/gcc/arm-none-eabi/7.3.1/thumb/v7-m/crtbegin.o
 .ARM.attributes
                0x000000000000004a       0x33 Core/Src/main.o
 .ARM.attributes
                0x000000000000007d       0x33 Core/Src/stm32f1xx_hal_msp.o
 .ARM.attributes
                0x00000000000000b0       0x33 Core/Src/stm32f1xx_it.o
 .ARM.attributes
                0x00000000000000e3       0x33 Core/Src/system_stm32f1xx.o
 .ARM.attributes
                0x0000000000000116       0x21 Core/Startup/startup_stm32f103rctx.o
 .ARM.attributes
                0x0000000000000137       0x33 Drivers/STM32F1xx_HAL_Driver/Src/stm32f1xx_hal.o
 .ARM.attributes
                0x000000000000016a       0x33 Drivers/STM32F1xx_HAL_Driver/Src/stm32f1xx_hal_cortex.o
 .ARM.attributes
                0x000000000000019d       0x33 Drivers/STM32F1xx_HAL_Driver/Src/stm32f1xx_hal_gpio.o
 .ARM.attributes
                0x00000000000001d0       0x33 Drivers/STM32F1xx_HAL_Driver/Src/stm32f1xx_hal_i2c.o
 .ARM.attributes
                0x0000000000000203       0x33 Drivers/STM32F1xx_HAL_Driver/Src/stm32f1xx_hal_pcd.o
 .ARM.attributes
                0x0000000000000236       0x33 Drivers/STM32F1xx_HAL_Driver/Src/stm32f1xx_hal_pcd_ex.o
 .ARM.attributes
                0x0000000000000269       0x33 Drivers/STM32F1xx_HAL_Driver/Src/stm32f1xx_hal_rcc.o
 .ARM.attributes
                0x000000000000029c       0x33 Drivers/STM32F1xx_HAL_Driver/Src/stm32f1xx_hal_rcc_ex.o
 .ARM.attributes
                0x00000000000002cf       0x33 Drivers/STM32F1xx_HAL_Driver/Src/stm32f1xx_hal_sd.o
 .ARM.attributes
                0x0000000000000302       0x33 Drivers/STM32F1xx_HAL_Driver/Src/stm32f1xx_ll_sdmmc.o
 .ARM.attributes
                0x0000000000000335       0x33 Drivers/STM32F1xx_HAL_Driver/Src/stm32f1xx_ll_usb.o
 .ARM.attributes
                0x0000000000000368       0x33 Middlewares/ST/STM32_USB_Device_Library/Class/MSC/Src/usbd_msc.o
 .ARM.attributes
                0x000000000000039b       0x33 Middlewares/ST/STM32_USB_Device_Library/Class/MSC/Src/usbd_msc_bot.o
 .ARM.attributes
                0x00000000000003ce       0x33 Middlewares/ST/STM32_USB_Device_Library/Class/MSC/Src/usbd_msc_data.o
 .ARM.attributes
                0x0000000000000401       0x33 Middlewares/ST/STM32_USB_Device_Library/Class/MSC/Src/usbd_msc_scsi.o
 .ARM.attributes
                0x0000000000000434       0x33 Middlewares/ST/STM32_USB_Device_Library/Core/Src/usbd_core.o
 .ARM.attributes
                0x0000000000000467       0x33 Middlewares/ST/STM32_USB_Device_Library/Core/Src/usbd_ctlreq.o
 .ARM.attributes
                0x000000000000049a       0x33 Middlewares/ST/STM32_USB_Device_Library/Core/Src/usbd_ioreq.o
 .ARM.attributes
                0x00000000000004cd       0x33 USB_DEVICE/App/usb_device.o
 .ARM.attributes
                0x0000000000000500       0x33 USB_DEVICE/App/usbd_desc.o
 .ARM.attributes
                0x0000000000000533       0x33 USB_DEVICE/App/usbd_storage_if.o
 .ARM.attributes
                0x0000000000000566       0x33 USB_DEVICE/Target/usbd_conf.o
 .ARM.attributes
                0x0000000000000599       0x2d c:/program files/stmicroelectronics/stm32cubeide_1.5.0/stm32cubeide/plugins/com.st.stm32cube.ide.mcu.externaltools.gnu-tools-for-stm32.7-2018-q2-update.win32_1.5.0.202011040924/tools/bin/../lib/gcc/arm-none-eabi/7.3.1/../../../../arm-none-eabi/lib/thumb/v7-m\libc_nano.a(lib_a-init.o)
 .ARM.attributes
                0x00000000000005c6       0x2d c:/program files/stmicroelectronics/stm32cubeide_1.5.0/stm32cubeide/plugins/com.st.stm32cube.ide.mcu.externaltools.gnu-tools-for-stm32.7-2018-q2-update.win32_1.5.0.202011040924/tools/bin/../lib/gcc/arm-none-eabi/7.3.1/../../../../arm-none-eabi/lib/thumb/v7-m\libc_nano.a(lib_a-memset.o)
 .ARM.attributes
                0x00000000000005f3       0x1d c:/program files/stmicroelectronics/stm32cubeide_1.5.0/stm32cubeide/plugins/com.st.stm32cube.ide.mcu.externaltools.gnu-tools-for-stm32.7-2018-q2-update.win32_1.5.0.202011040924/tools/bin/../lib/gcc/arm-none-eabi/7.3.1/thumb/v7-m/crtn.o
OUTPUT(USB2SDIO.elf elf32-littlearm)

.debug_info     0x0000000000000000    0x19e9a
 .debug_info    0x0000000000000000     0x1613 Core/Src/main.o
 .debug_info    0x0000000000001613      0xca8 Core/Src/stm32f1xx_hal_msp.o
 .debug_info    0x00000000000022bb      0x6a6 Core/Src/stm32f1xx_it.o
 .debug_info    0x0000000000002961      0x29a Core/Src/system_stm32f1xx.o
 .debug_info    0x0000000000002bfb       0x22 Core/Startup/startup_stm32f103rctx.o
 .debug_info    0x0000000000002c1d      0x77a Drivers/STM32F1xx_HAL_Driver/Src/stm32f1xx_hal.o
 .debug_info    0x0000000000003397      0xbb7 Drivers/STM32F1xx_HAL_Driver/Src/stm32f1xx_hal_cortex.o
 .debug_info    0x0000000000003f4e      0x69b Drivers/STM32F1xx_HAL_Driver/Src/stm32f1xx_hal_gpio.o
 .debug_info    0x00000000000045e9     0x2555 Drivers/STM32F1xx_HAL_Driver/Src/stm32f1xx_hal_i2c.o
 .debug_info    0x0000000000006b3e     0x122f Drivers/STM32F1xx_HAL_Driver/Src/stm32f1xx_hal_pcd.o
 .debug_info    0x0000000000007d6d      0x785 Drivers/STM32F1xx_HAL_Driver/Src/stm32f1xx_hal_pcd_ex.o
 .debug_info    0x00000000000084f2      0x80f Drivers/STM32F1xx_HAL_Driver/Src/stm32f1xx_hal_rcc.o
 .debug_info    0x0000000000008d01      0x45e Drivers/STM32F1xx_HAL_Driver/Src/stm32f1xx_hal_rcc_ex.o
 .debug_info    0x000000000000915f     0x1871 Drivers/STM32F1xx_HAL_Driver/Src/stm32f1xx_hal_sd.o
 .debug_info    0x000000000000a9d0     0x10ee Drivers/STM32F1xx_HAL_Driver/Src/stm32f1xx_ll_sdmmc.o
 .debug_info    0x000000000000babe     0x17e7 Drivers/STM32F1xx_HAL_Driver/Src/stm32f1xx_ll_usb.o
 .debug_info    0x000000000000d2a5     0x13fa Middlewares/ST/STM32_USB_Device_Library/Class/MSC/Src/usbd_msc.o
 .debug_info    0x000000000000e69f     0x139b Middlewares/ST/STM32_USB_Device_Library/Class/MSC/Src/usbd_msc_bot.o
 .debug_info    0x000000000000fa3a      0x9de Middlewares/ST/STM32_USB_Device_Library/Class/MSC/Src/usbd_msc_data.o
 .debug_info    0x0000000000010418     0x1753 Middlewares/ST/STM32_USB_Device_Library/Class/MSC/Src/usbd_msc_scsi.o
 .debug_info    0x0000000000011b6b     0x11d2 Middlewares/ST/STM32_USB_Device_Library/Core/Src/usbd_core.o
 .debug_info    0x0000000000012d3d     0x1142 Middlewares/ST/STM32_USB_Device_Library/Core/Src/usbd_ctlreq.o
 .debug_info    0x0000000000013e7f      0xf33 Middlewares/ST/STM32_USB_Device_Library/Core/Src/usbd_ioreq.o
 .debug_info    0x0000000000014db2      0xf33 USB_DEVICE/App/usb_device.o
 .debug_info    0x0000000000015ce5      0xd17 USB_DEVICE/App/usbd_desc.o
 .debug_info    0x00000000000169fc     0x161b USB_DEVICE/App/usbd_storage_if.o
 .debug_info    0x0000000000018017     0x1e83 USB_DEVICE/Target/usbd_conf.o

.debug_abbrev   0x0000000000000000     0x3703
 .debug_abbrev  0x0000000000000000      0x290 Core/Src/main.o
 .debug_abbrev  0x0000000000000290      0x19b Core/Src/stm32f1xx_hal_msp.o
 .debug_abbrev  0x000000000000042b      0x155 Core/Src/stm32f1xx_it.o
 .debug_abbrev  0x0000000000000580      0x134 Core/Src/system_stm32f1xx.o
 .debug_abbrev  0x00000000000006b4       0x12 Core/Startup/startup_stm32f103rctx.o
 .debug_abbrev  0x00000000000006c6      0x1c7 Drivers/STM32F1xx_HAL_Driver/Src/stm32f1xx_hal.o
 .debug_abbrev  0x000000000000088d      0x2d5 Drivers/STM32F1xx_HAL_Driver/Src/stm32f1xx_hal_cortex.o
 .debug_abbrev  0x0000000000000b62      0x1c0 Drivers/STM32F1xx_HAL_Driver/Src/stm32f1xx_hal_gpio.o
 .debug_abbrev  0x0000000000000d22      0x258 Drivers/STM32F1xx_HAL_Driver/Src/stm32f1xx_hal_i2c.o
 .debug_abbrev  0x0000000000000f7a      0x268 Drivers/STM32F1xx_HAL_Driver/Src/stm32f1xx_hal_pcd.o
 .debug_abbrev  0x00000000000011e2      0x188 Drivers/STM32F1xx_HAL_Driver/Src/stm32f1xx_hal_pcd_ex.o
 .debug_abbrev  0x000000000000136a      0x243 Drivers/STM32F1xx_HAL_Driver/Src/stm32f1xx_hal_rcc.o
 .debug_abbrev  0x00000000000015ad      0x175 Drivers/STM32F1xx_HAL_Driver/Src/stm32f1xx_hal_rcc_ex.o
 .debug_abbrev  0x0000000000001722      0x23d Drivers/STM32F1xx_HAL_Driver/Src/stm32f1xx_hal_sd.o
 .debug_abbrev  0x000000000000195f      0x1c4 Drivers/STM32F1xx_HAL_Driver/Src/stm32f1xx_ll_sdmmc.o
 .debug_abbrev  0x0000000000001b23      0x1d2 Drivers/STM32F1xx_HAL_Driver/Src/stm32f1xx_ll_usb.o
 .debug_abbrev  0x0000000000001cf5      0x27b Middlewares/ST/STM32_USB_Device_Library/Class/MSC/Src/usbd_msc.o
 .debug_abbrev  0x0000000000001f70      0x2ad Middlewares/ST/STM32_USB_Device_Library/Class/MSC/Src/usbd_msc_bot.o
 .debug_abbrev  0x000000000000221d      0x18b Middlewares/ST/STM32_USB_Device_Library/Class/MSC/Src/usbd_msc_data.o
 .debug_abbrev  0x00000000000023a8      0x2e0 Middlewares/ST/STM32_USB_Device_Library/Class/MSC/Src/usbd_msc_scsi.o
 .debug_abbrev  0x0000000000002688      0x270 Middlewares/ST/STM32_USB_Device_Library/Core/Src/usbd_core.o
 .debug_abbrev  0x00000000000028f8      0x2a0 Middlewares/ST/STM32_USB_Device_Library/Core/Src/usbd_ctlreq.o
 .debug_abbrev  0x0000000000002b98      0x1e0 Middlewares/ST/STM32_USB_Device_Library/Core/Src/usbd_ioreq.o
 .debug_abbrev  0x0000000000002d78      0x1c3 USB_DEVICE/App/usb_device.o
 .debug_abbrev  0x0000000000002f3b      0x290 USB_DEVICE/App/usbd_desc.o
 .debug_abbrev  0x00000000000031cb      0x258 USB_DEVICE/App/usbd_storage_if.o
 .debug_abbrev  0x0000000000003423      0x2e0 USB_DEVICE/Target/usbd_conf.o

.debug_aranges  0x0000000000000000     0x1110
 .debug_aranges
                0x0000000000000000       0x48 Core/Src/main.o
 .debug_aranges
                0x0000000000000048       0x40 Core/Src/stm32f1xx_hal_msp.o
 .debug_aranges
                0x0000000000000088       0x68 Core/Src/stm32f1xx_it.o
 .debug_aranges
                0x00000000000000f0       0x28 Core/Src/system_stm32f1xx.o
 .debug_aranges
                0x0000000000000118       0x28 Core/Startup/startup_stm32f103rctx.o
 .debug_aranges
                0x0000000000000140       0xe0 Drivers/STM32F1xx_HAL_Driver/Src/stm32f1xx_hal.o
 .debug_aranges
                0x0000000000000220      0x100 Drivers/STM32F1xx_HAL_Driver/Src/stm32f1xx_hal_cortex.o
 .debug_aranges
                0x0000000000000320       0x58 Drivers/STM32F1xx_HAL_Driver/Src/stm32f1xx_hal_gpio.o
 .debug_aranges
                0x0000000000000378      0x2a0 Drivers/STM32F1xx_HAL_Driver/Src/stm32f1xx_hal_i2c.o
 .debug_aranges
                0x0000000000000618      0x138 Drivers/STM32F1xx_HAL_Driver/Src/stm32f1xx_hal_pcd.o
 .debug_aranges
                0x0000000000000750       0x38 Drivers/STM32F1xx_HAL_Driver/Src/stm32f1xx_hal_pcd_ex.o
 .debug_aranges
                0x0000000000000788       0x90 Drivers/STM32F1xx_HAL_Driver/Src/stm32f1xx_hal_rcc.o
 .debug_aranges
                0x0000000000000818       0x30 Drivers/STM32F1xx_HAL_Driver/Src/stm32f1xx_hal_rcc_ex.o
 .debug_aranges
                0x0000000000000848      0x168 Drivers/STM32F1xx_HAL_Driver/Src/stm32f1xx_hal_sd.o
 .debug_aranges
                0x00000000000009b0      0x178 Drivers/STM32F1xx_HAL_Driver/Src/stm32f1xx_ll_sdmmc.o
 .debug_aranges
                0x0000000000000b28       0xf0 Drivers/STM32F1xx_HAL_Driver/Src/stm32f1xx_ll_usb.o
 .debug_aranges
                0x0000000000000c18       0x68 Middlewares/ST/STM32_USB_Device_Library/Class/MSC/Src/usbd_msc.o
 .debug_aranges
                0x0000000000000c80       0x68 Middlewares/ST/STM32_USB_Device_Library/Class/MSC/Src/usbd_msc_bot.o
 .debug_aranges
                0x0000000000000ce8       0x18 Middlewares/ST/STM32_USB_Device_Library/Class/MSC/Src/usbd_msc_data.o
 .debug_aranges
                0x0000000000000d00       0x98 Middlewares/ST/STM32_USB_Device_Library/Class/MSC/Src/usbd_msc_scsi.o
 .debug_aranges
                0x0000000000000d98       0xb8 Middlewares/ST/STM32_USB_Device_Library/Core/Src/usbd_core.o
 .debug_aranges
                0x0000000000000e50       0x88 Middlewares/ST/STM32_USB_Device_Library/Core/Src/usbd_ctlreq.o
 .debug_aranges
                0x0000000000000ed8       0x50 Middlewares/ST/STM32_USB_Device_Library/Core/Src/usbd_ioreq.o
 .debug_aranges
                0x0000000000000f28       0x20 USB_DEVICE/App/usb_device.o
 .debug_aranges
                0x0000000000000f48       0x60 USB_DEVICE/App/usbd_desc.o
 .debug_aranges
                0x0000000000000fa8       0x50 USB_DEVICE/App/usbd_storage_if.o
 .debug_aranges
                0x0000000000000ff8      0x118 USB_DEVICE/Target/usbd_conf.o

.debug_ranges   0x0000000000000000      0xf88
 .debug_ranges  0x0000000000000000       0x38 Core/Src/main.o
 .debug_ranges  0x0000000000000038       0x30 Core/Src/stm32f1xx_hal_msp.o
 .debug_ranges  0x0000000000000068       0x58 Core/Src/stm32f1xx_it.o
 .debug_ranges  0x00000000000000c0       0x18 Core/Src/system_stm32f1xx.o
 .debug_ranges  0x00000000000000d8       0x20 Core/Startup/startup_stm32f103rctx.o
 .debug_ranges  0x00000000000000f8       0xd0 Drivers/STM32F1xx_HAL_Driver/Src/stm32f1xx_hal.o
 .debug_ranges  0x00000000000001c8       0xf0 Drivers/STM32F1xx_HAL_Driver/Src/stm32f1xx_hal_cortex.o
 .debug_ranges  0x00000000000002b8       0x48 Drivers/STM32F1xx_HAL_Driver/Src/stm32f1xx_hal_gpio.o
 .debug_ranges  0x0000000000000300      0x2b8 Drivers/STM32F1xx_HAL_Driver/Src/stm32f1xx_hal_i2c.o
 .debug_ranges  0x00000000000005b8      0x128 Drivers/STM32F1xx_HAL_Driver/Src/stm32f1xx_hal_pcd.o
 .debug_ranges  0x00000000000006e0       0x28 Drivers/STM32F1xx_HAL_Driver/Src/stm32f1xx_hal_pcd_ex.o
 .debug_ranges  0x0000000000000708       0x80 Drivers/STM32F1xx_HAL_Driver/Src/stm32f1xx_hal_rcc.o
 .debug_ranges  0x0000000000000788       0x20 Drivers/STM32F1xx_HAL_Driver/Src/stm32f1xx_hal_rcc_ex.o
 .debug_ranges  0x00000000000007a8      0x158 Drivers/STM32F1xx_HAL_Driver/Src/stm32f1xx_hal_sd.o
 .debug_ranges  0x0000000000000900      0x168 Drivers/STM32F1xx_HAL_Driver/Src/stm32f1xx_ll_sdmmc.o
 .debug_ranges  0x0000000000000a68       0xe0 Drivers/STM32F1xx_HAL_Driver/Src/stm32f1xx_ll_usb.o
 .debug_ranges  0x0000000000000b48       0x58 Middlewares/ST/STM32_USB_Device_Library/Class/MSC/Src/usbd_msc.o
 .debug_ranges  0x0000000000000ba0       0x58 Middlewares/ST/STM32_USB_Device_Library/Class/MSC/Src/usbd_msc_bot.o
 .debug_ranges  0x0000000000000bf8       0x88 Middlewares/ST/STM32_USB_Device_Library/Class/MSC/Src/usbd_msc_scsi.o
 .debug_ranges  0x0000000000000c80       0xa8 Middlewares/ST/STM32_USB_Device_Library/Core/Src/usbd_core.o
 .debug_ranges  0x0000000000000d28       0x78 Middlewares/ST/STM32_USB_Device_Library/Core/Src/usbd_ctlreq.o
 .debug_ranges  0x0000000000000da0       0x40 Middlewares/ST/STM32_USB_Device_Library/Core/Src/usbd_ioreq.o
 .debug_ranges  0x0000000000000de0       0x10 USB_DEVICE/App/usb_device.o
 .debug_ranges  0x0000000000000df0       0x50 USB_DEVICE/App/usbd_desc.o
 .debug_ranges  0x0000000000000e40       0x40 USB_DEVICE/App/usbd_storage_if.o
 .debug_ranges  0x0000000000000e80      0x108 USB_DEVICE/Target/usbd_conf.o

.debug_macro    0x0000000000000000    0x1db1a
 .debug_macro   0x0000000000000000      0x3c0 Core/Src/main.o
 .debug_macro   0x00000000000003c0      0xa5a Core/Src/main.o
 .debug_macro   0x0000000000000e1a      0x221 Core/Src/main.o
 .debug_macro   0x000000000000103b       0x2e Core/Src/main.o
 .debug_macro   0x0000000000001069       0x22 Core/Src/main.o
 .debug_macro   0x000000000000108b       0x22 Core/Src/main.o
 .debug_macro   0x00000000000010ad       0x8e Core/Src/main.o
 .debug_macro   0x000000000000113b       0x51 Core/Src/main.o
 .debug_macro   0x000000000000118c       0xef Core/Src/main.o
 .debug_macro   0x000000000000127b       0x6a Core/Src/main.o
 .debug_macro   0x00000000000012e5      0x1df Core/Src/main.o
 .debug_macro   0x00000000000014c4       0x1c Core/Src/main.o
 .debug_macro   0x00000000000014e0       0x22 Core/Src/main.o
 .debug_macro   0x0000000000001502       0xc3 Core/Src/main.o
 .debug_macro   0x00000000000015c5      0xd23 Core/Src/main.o
 .debug_macro   0x00000000000022e8     0xfd85 Core/Src/main.o
 .debug_macro   0x000000000001206d       0x43 Core/Src/main.o
 .debug_macro   0x00000000000120b0     0x3468 Core/Src/main.o
 .debug_macro   0x0000000000015518      0x174 Core/Src/main.o
 .debug_macro   0x000000000001568c       0x5c Core/Src/main.o
 .debug_macro   0x00000000000156e8      0x5be Core/Src/main.o
 .debug_macro   0x0000000000015ca6      0x4d5 Core/Src/main.o
 .debug_macro   0x000000000001617b      0x1cb Core/Src/main.o
 .debug_macro   0x0000000000016346      0x114 Core/Src/main.o
 .debug_macro   0x000000000001645a      0x1ea Core/Src/main.o
 .debug_macro   0x0000000000016644       0x27 Core/Src/main.o
 .debug_macro   0x000000000001666b      0x144 Core/Src/main.o
 .debug_macro   0x00000000000167af      0x1bc Core/Src/main.o
 .debug_macro   0x000000000001696b       0x30 Core/Src/main.o
 .debug_macro   0x000000000001699b       0x3c Core/Src/main.o
 .debug_macro   0x00000000000169d7       0x57 Core/Src/main.o
 .debug_macro   0x0000000000016a2e       0x88 Core/Src/main.o
 .debug_macro   0x0000000000016ab6      0x24f Core/Src/main.o
 .debug_macro   0x0000000000016d05      0x287 Core/Src/main.o
 .debug_macro   0x0000000000016f8c      0x141 Core/Src/main.o
 .debug_macro   0x00000000000170cd      0x861 Core/Src/main.o
 .debug_macro   0x000000000001792e      0x1d5 Core/Src/main.o
 .debug_macro   0x0000000000017b03       0x65 Core/Src/main.o
 .debug_macro   0x0000000000017b68      0x249 Core/Src/main.o
 .debug_macro   0x0000000000017db1       0xb5 Core/Src/main.o
 .debug_macro   0x0000000000017e66       0x64 Core/Src/main.o
 .debug_macro   0x0000000000017eca       0x46 Core/Src/main.o
 .debug_macro   0x0000000000017f10       0x18 Core/Src/main.o
 .debug_macro   0x0000000000017f28       0x3c Core/Src/main.o
 .debug_macro   0x0000000000017f64       0x34 Core/Src/main.o
 .debug_macro   0x0000000000017f98       0x16 Core/Src/main.o
 .debug_macro   0x0000000000017fae       0x35 Core/Src/main.o
 .debug_macro   0x0000000000017fe3      0x32a Core/Src/main.o
 .debug_macro   0x000000000001830d       0x10 Core/Src/main.o
 .debug_macro   0x000000000001831d       0x52 Core/Src/main.o
 .debug_macro   0x000000000001836f       0x1f Core/Src/main.o
 .debug_macro   0x000000000001838e       0x43 Core/Src/main.o
 .debug_macro   0x00000000000183d1       0x20 Core/Src/main.o
 .debug_macro   0x00000000000183f1      0x1a3 Core/Src/main.o
 .debug_macro   0x0000000000018594       0x10 Core/Src/main.o
 .debug_macro   0x00000000000185a4       0x1c Core/Src/main.o
 .debug_macro   0x00000000000185c0       0x52 Core/Src/main.o
 .debug_macro   0x0000000000018612       0x40 Core/Src/main.o
 .debug_macro   0x0000000000018652       0x10 Core/Src/main.o
 .debug_macro   0x0000000000018662       0x40 Core/Src/main.o
 .debug_macro   0x00000000000186a2       0xd7 Core/Src/main.o
 .debug_macro   0x0000000000018779       0x1c Core/Src/main.o
 .debug_macro   0x0000000000018795       0x3d Core/Src/main.o
 .debug_macro   0x00000000000187d2       0x16 Core/Src/main.o
 .debug_macro   0x00000000000187e8      0x145 Core/Src/main.o
 .debug_macro   0x000000000001892d       0x16 Core/Src/main.o
 .debug_macro   0x0000000000018943       0x16 Core/Src/main.o
 .debug_macro   0x0000000000018959       0x29 Core/Src/main.o
 .debug_macro   0x0000000000018982       0x16 Core/Src/main.o
 .debug_macro   0x0000000000018998       0x20 Core/Src/main.o
 .debug_macro   0x00000000000189b8       0x60 Core/Src/main.o
 .debug_macro   0x0000000000018a18      0x1c8 Core/Src/main.o
 .debug_macro   0x0000000000018be0      0x1da Core/Src/stm32f1xx_hal_msp.o
 .debug_macro   0x0000000000018dba      0x1e4 Core/Src/stm32f1xx_it.o
 .debug_macro   0x0000000000018f9e      0x1cb Core/Src/system_stm32f1xx.o
 .debug_macro   0x0000000000019169      0x1ef Drivers/STM32F1xx_HAL_Driver/Src/stm32f1xx_hal.o
 .debug_macro   0x0000000000019358      0x1cb Drivers/STM32F1xx_HAL_Driver/Src/stm32f1xx_hal_cortex.o
 .debug_macro   0x0000000000019523      0x236 Drivers/STM32F1xx_HAL_Driver/Src/stm32f1xx_hal_gpio.o
 .debug_macro   0x0000000000019759      0x212 Drivers/STM32F1xx_HAL_Driver/Src/stm32f1xx_hal_i2c.o
 .debug_macro   0x000000000001996b      0x1d7 Drivers/STM32F1xx_HAL_Driver/Src/stm32f1xx_hal_pcd.o
 .debug_macro   0x0000000000019b42      0x1cb Drivers/STM32F1xx_HAL_Driver/Src/stm32f1xx_hal_pcd_ex.o
 .debug_macro   0x0000000000019d0d      0x1dd Drivers/STM32F1xx_HAL_Driver/Src/stm32f1xx_hal_rcc.o
 .debug_macro   0x0000000000019eea      0x1cb Drivers/STM32F1xx_HAL_Driver/Src/stm32f1xx_hal_rcc_ex.o
 .debug_macro   0x000000000001a0b5      0x1cc Drivers/STM32F1xx_HAL_Driver/Src/stm32f1xx_hal_sd.o
 .debug_macro   0x000000000001a281      0x1cc Drivers/STM32F1xx_HAL_Driver/Src/stm32f1xx_ll_sdmmc.o
 .debug_macro   0x000000000001a44d      0x1cb Drivers/STM32F1xx_HAL_Driver/Src/stm32f1xx_ll_usb.o
 .debug_macro   0x000000000001a618      0x407 Middlewares/ST/STM32_USB_Device_Library/Class/MSC/Src/usbd_msc.o
 .debug_macro   0x000000000001aa1f       0x97 Middlewares/ST/STM32_USB_Device_Library/Class/MSC/Src/usbd_msc.o
 .debug_macro   0x000000000001aab6       0xfd Middlewares/ST/STM32_USB_Device_Library/Class/MSC/Src/usbd_msc.o
 .debug_macro   0x000000000001abb3       0xbd Middlewares/ST/STM32_USB_Device_Library/Class/MSC/Src/usbd_msc.o
 .debug_macro   0x000000000001ac70       0x56 Middlewares/ST/STM32_USB_Device_Library/Class/MSC/Src/usbd_msc.o
 .debug_macro   0x000000000001acc6      0x1ce Middlewares/ST/STM32_USB_Device_Library/Class/MSC/Src/usbd_msc.o
 .debug_macro   0x000000000001ae94       0x7c Middlewares/ST/STM32_USB_Device_Library/Class/MSC/Src/usbd_msc.o
 .debug_macro   0x000000000001af10      0x15a Middlewares/ST/STM32_USB_Device_Library/Class/MSC/Src/usbd_msc.o
 .debug_macro   0x000000000001b06a       0x34 Middlewares/ST/STM32_USB_Device_Library/Class/MSC/Src/usbd_msc.o
 .debug_macro   0x000000000001b09e      0x40f Middlewares/ST/STM32_USB_Device_Library/Class/MSC/Src/usbd_msc_bot.o
 .debug_macro   0x000000000001b4ad      0x3b0 Middlewares/ST/STM32_USB_Device_Library/Class/MSC/Src/usbd_msc_data.o
 .debug_macro   0x000000000001b85d       0x1c Middlewares/ST/STM32_USB_Device_Library/Class/MSC/Src/usbd_msc_data.o
 .debug_macro   0x000000000001b879      0x418 Middlewares/ST/STM32_USB_Device_Library/Class/MSC/Src/usbd_msc_scsi.o
 .debug_macro   0x000000000001bc91       0x22 Middlewares/ST/STM32_USB_Device_Library/Class/MSC/Src/usbd_msc_scsi.o
 .debug_macro   0x000000000001bcb3      0x3d2 Middlewares/ST/STM32_USB_Device_Library/Core/Src/usbd_core.o
 .debug_macro   0x000000000001c085      0x3dc Middlewares/ST/STM32_USB_Device_Library/Core/Src/usbd_ctlreq.o
 .debug_macro   0x000000000001c461      0x3d8 Middlewares/ST/STM32_USB_Device_Library/Core/Src/usbd_ioreq.o
 .debug_macro   0x000000000001c839      0x41e USB_DEVICE/App/usb_device.o
 .debug_macro   0x000000000001cc57       0x6a USB_DEVICE/App/usb_device.o
 .debug_macro   0x000000000001ccc1       0x22 USB_DEVICE/App/usb_device.o
 .debug_macro   0x000000000001cce3       0x82 USB_DEVICE/App/usb_device.o
 .debug_macro   0x000000000001cd65      0x160 USB_DEVICE/App/usb_device.o
 .debug_macro   0x000000000001cec5      0x40f USB_DEVICE/App/usbd_desc.o
 .debug_macro   0x000000000001d2d4       0x1c USB_DEVICE/App/usbd_desc.o
 .debug_macro   0x000000000001d2f0      0x429 USB_DEVICE/App/usbd_storage_if.o
 .debug_macro   0x000000000001d719      0x401 USB_DEVICE/Target/usbd_conf.o

.debug_line     0x0000000000000000    0x14336
 .debug_line    0x0000000000000000      0xc3c Core/Src/main.o
 .debug_line    0x0000000000000c3c      0x825 Core/Src/stm32f1xx_hal_msp.o
 .debug_line    0x0000000000001461      0x879 Core/Src/stm32f1xx_it.o
 .debug_line    0x0000000000001cda      0x7e7 Core/Src/system_stm32f1xx.o
 .debug_line    0x00000000000024c1       0x84 Core/Startup/startup_stm32f103rctx.o
 .debug_line    0x0000000000002545      0x99a Drivers/STM32F1xx_HAL_Driver/Src/stm32f1xx_hal.o
 .debug_line    0x0000000000002edf      0xa71 Drivers/STM32F1xx_HAL_Driver/Src/stm32f1xx_hal_cortex.o
 .debug_line    0x0000000000003950      0x9be Drivers/STM32F1xx_HAL_Driver/Src/stm32f1xx_hal_gpio.o
 .debug_line    0x000000000000430e     0x1d40 Drivers/STM32F1xx_HAL_Driver/Src/stm32f1xx_hal_i2c.o
 .debug_line    0x000000000000604e      0xdfe Drivers/STM32F1xx_HAL_Driver/Src/stm32f1xx_hal_pcd.o
 .debug_line    0x0000000000006e4c      0x80b Drivers/STM32F1xx_HAL_Driver/Src/stm32f1xx_hal_pcd_ex.o
 .debug_line    0x0000000000007657      0xa5a Drivers/STM32F1xx_HAL_Driver/Src/stm32f1xx_hal_rcc.o
 .debug_line    0x00000000000080b1      0x87e Drivers/STM32F1xx_HAL_Driver/Src/stm32f1xx_hal_rcc_ex.o
 .debug_line    0x000000000000892f     0x10d6 Drivers/STM32F1xx_HAL_Driver/Src/stm32f1xx_hal_sd.o
 .debug_line    0x0000000000009a05      0xc6a Drivers/STM32F1xx_HAL_Driver/Src/stm32f1xx_ll_sdmmc.o
 .debug_line    0x000000000000a66f      0xe33 Drivers/STM32F1xx_HAL_Driver/Src/stm32f1xx_ll_usb.o
 .debug_line    0x000000000000b4a2      0xd1b Middlewares/ST/STM32_USB_Device_Library/Class/MSC/Src/usbd_msc.o
 .debug_line    0x000000000000c1bd      0xd47 Middlewares/ST/STM32_USB_Device_Library/Class/MSC/Src/usbd_msc_bot.o
 .debug_line    0x000000000000cf04      0xb5b Middlewares/ST/STM32_USB_Device_Library/Class/MSC/Src/usbd_msc_data.o
 .debug_line    0x000000000000da5f      0xe1f Middlewares/ST/STM32_USB_Device_Library/Class/MSC/Src/usbd_msc_scsi.o
 .debug_line    0x000000000000e87e      0xd9c Middlewares/ST/STM32_USB_Device_Library/Core/Src/usbd_core.o
 .debug_line    0x000000000000f61a      0xe25 Middlewares/ST/STM32_USB_Device_Library/Core/Src/usbd_ctlreq.o
 .debug_line    0x000000000001043f      0xc05 Middlewares/ST/STM32_USB_Device_Library/Core/Src/usbd_ioreq.o
 .debug_line    0x0000000000011044      0xc10 USB_DEVICE/App/usb_device.o
 .debug_line    0x0000000000011c54      0xc39 USB_DEVICE/App/usbd_desc.o
 .debug_line    0x000000000001288d      0xc62 USB_DEVICE/App/usbd_storage_if.o
 .debug_line    0x00000000000134ef      0xe47 USB_DEVICE/Target/usbd_conf.o

.debug_str      0x0000000000000000    0x9bb5c
 .debug_str     0x0000000000000000    0x96cbe Core/Src/main.o
                                      0x97269 (size before relaxing)
 .debug_str     0x0000000000096cbe       0x97 Core/Src/stm32f1xx_hal_msp.o